BL51 BANKED LINKER/LOCATER V6.22.2.0                                                    03/04/2022  12:09:13  PAGE 1


BL51 BANKED LINKER/LOCATER V6.22.2.0, INVOKED BY:
C:\KEIL_V5\C51\BIN\BL51.EXE main.obj TO LCD_test RAMSIZE (256) CODE (0X0000-0X1FFE) XDATA (0X4000-0XBFFE, 0XF800-0XFFFF)
>> 


MEMORY MODEL: SMALL


INPUT MODULES INCLUDED:
  main.obj (MAIN)
  C:\KEIL_V5\C51\LIB\C51S.LIB (?C_STARTUP)
  C:\KEIL_V5\C51\LIB\C51S.LIB (?C?COPY)
  C:\KEIL_V5\C51\LIB\C51S.LIB (?C?CLDOPTR)
  C:\KEIL_V5\C51\LIB\C51S.LIB (?C?CSTPTR)
  C:\KEIL_V5\C51\LIB\C51S.LIB (?C?CSTOPTR)
  C:\KEIL_V5\C51\LIB\C51S.LIB (STRLEN)
  C:\KEIL_V5\C51\LIB\C51S.LIB (?C_INIT)
  C:\KEIL_V5\C51\LIB\C51S.LIB (?C?CLDPTR)


LINK MAP OF MODULE:  LCD_test (MAIN)


            TYPE    BASE      LENGTH    RELOCATION   SEGMENT NAME
            -----------------------------------------------------

            * * * * * * *   D A T A   M E M O R Y   * * * * * * *
            REG     0000H     0008H     ABSOLUTE     "REG BANK 0"
            DATA    0008H     0019H     UNIT         ?DT?MAIN
            DATA    0021H     000FH     UNIT         ?DT?_RTC_READTIME?MAIN
            DATA    0030H     000EH     UNIT         _DATA_GROUP_
            DATA    003EH     0006H     UNIT         ?DT?_I2C_RCV?MAIN
            DATA    0044H     0006H     UNIT         ?DT?_RTC_SETTIME?MAIN
            DATA    004AH     0003H     UNIT         ?DT?_I2C_XMIT?MAIN
            IDATA   004DH     0001H     UNIT         ?STACK

            * * * * * * *  X D A T A   M E M O R Y  * * * * * * *
            XDATA   0000H     FEFFH     ABSOLUTE     
                    FEFFH     0081H                  *** GAP ***
            XDATA   FF80H     0001H     ABSOLUTE     
                    FF81H     0001H                  *** GAP ***
            XDATA   FF82H     0001H     ABSOLUTE     

            * * * * * * *   C O D E   M E M O R Y   * * * * * * *
            CODE    0000H     0003H     ABSOLUTE     
                    0003H     0008H                  *** GAP ***
            CODE    000BH     0003H     ABSOLUTE     
                    000EH     07F2H                  *** GAP ***
            CODE    0800H     0170H     UNIT         ?C?LIB_CODE
            CODE    0970H     00F7H     UNIT         ?PR?_PRINT_STR_LCD?MAIN
            CODE    0A67H     008CH     UNIT         ?C_C51STARTUP
            CODE    0AF3H     007AH     UNIT         ?PR?TIMER0_ISR?MAIN
            CODE    0B6DH     0076H     UNIT         ?PR?_I2C_RCV?MAIN
            CODE    0BE3H     004CH     UNIT         ?PR?_RTC_READTIME?MAIN
            CODE    0C2FH     0040H     UNIT         ?PR?INIT_LCD?MAIN
            CODE    0C6FH     003BH     UNIT         ?PR?_I2C_XMIT?MAIN
            CODE    0CAAH     0029H     UNIT         ?PR?_WRITE_CHAR?MAIN
            CODE    0CD3H     0020H     UNIT         ?PR?MAIN?MAIN
BL51 BANKED LINKER/LOCATER V6.22.2.0                                                  03/04/2022  12:09:13  PAGE 2


            CODE    0CF3H     001CH     UNIT         ?PR?_RTC_SETTIME?MAIN
            CODE    0D0FH     0015H     UNIT         ?PR?CLEAR_LCD?MAIN
            CODE    0D24H     0015H     UNIT         ?PR?_STRLEN?STRLEN
            CODE    0D39H     0012H     UNIT         ?CO?MAIN
            CODE    0D4BH     0010H     UNIT         ?PR?I2C_INIT?MAIN
            CODE    0D5BH     0010H     UNIT         ?C_INITSEG



OVERLAY MAP OF MODULE:   LCD_test (MAIN)


SEGMENT                           DATA_GROUP 
  +--> CALLED SEGMENT           START    LENGTH
-----------------------------------------------
?C_C51STARTUP                   -----    -----
  +--> ?PR?MAIN?MAIN
  +--> ?C_INITSEG

?PR?MAIN?MAIN                   0030H    0003H
  +--> ?CO?MAIN
  +--> ?PR?I2C_INIT?MAIN
  +--> ?PR?INIT_LCD?MAIN
  +--> ?PR?_PRINT_STR_LCD?MAIN

?PR?INIT_LCD?MAIN               -----    -----
  +--> ?PR?CLEAR_LCD?MAIN

?PR?_PRINT_STR_LCD?MAIN         0033H    000BH
  +--> ?PR?_STRLEN?STRLEN
  +--> ?PR?CLEAR_LCD?MAIN
  +--> ?PR?_WRITE_CHAR?MAIN



SYMBOL TABLE OF MODULE:  LCD_test (MAIN)

  VALUE           TYPE          NAME
  ----------------------------------

  -------         MODULE        MAIN
  C:0000H         SYMBOL        _ICE_DUMMY_
  C:0970H         PUBLIC        _print_str_lcd
  C:0AF3H         PUBLIC        Timer0_ISR
  D:0008H         PUBLIC        i2c_s1
  D:0009H         PUBLIC        counter
  C:0D4BH         PUBLIC        i2c_init
  C:0D0FH         PUBLIC        Clear_LCD
  D:000BH         PUBLIC        i2c_reg
  C:0C6FH         PUBLIC        _i2c_xmit
  C:0CD3H         PUBLIC        main
  D:000CH         PUBLIC        incl
  C:0CF3H         PUBLIC        _rtc_settime
  C:0B6DH         PUBLIC        _i2c_rcv
  C:0CAAH         PUBLIC        _write_char
  X:FF80H         PUBLIC        cmd
  X:0000H         PUBLIC        xmem
BL51 BANKED LINKER/LOCATER V6.22.2.0                                                  03/04/2022  12:09:13  PAGE 3


  X:FF82H         PUBLIC        chr
  C:0D45H         SYMBOL        _?ix1000
  C:0C2FH         PUBLIC        Init_LCD
  D:000DH         PUBLIC        richtung
  D:000FH         PUBLIC        rtc_buf
  D:001FH         PUBLIC        zaehler
  C:0BE3H         PUBLIC        _rtc_readtime
  -------         PROC          MAIN
  -------         DO            
  D:0030H         SYMBOL        string01
  -------         ENDDO         
  C:0CD3H         LINE#         54
  C:0CD3H         LINE#         55
  C:0CD3H         LINE#         56
  C:0CDCH         LINE#         59
  C:0CDFH         LINE#         65
  C:0CE2H         LINE#         67
  C:0CEBH         LINE#         69
  C:0CF1H         LINE#         71
  C:0CF1H         LINE#         72
  C:0CF1H         LINE#         74
  -------         ENDPROC       MAIN
  -------         PROC          I2C_INIT
  C:0D4BH         LINE#         78
  C:0D4BH         LINE#         79
  C:0D4BH         LINE#         80
  C:0D4EH         LINE#         81
  C:0D51H         LINE#         82
  C:0D54H         LINE#         83
  C:0D57H         LINE#         84
  C:0D5AH         LINE#         85
  -------         ENDPROC       I2C_INIT
  -------         PROC          _I2C_XMIT
  D:0007H         SYMBOL        slave_addr
  D:0005H         SYMBOL        length
  D:004AH         SYMBOL        buffer
  -------         DO            
  D:0007H         SYMBOL        i
  -------         ENDDO         
  C:0C6FH         LINE#         88
  C:0C75H         LINE#         89
  C:0C75H         LINE#         92
  C:0C7AH         LINE#         93
  C:0C7DH         LINE#         95
  C:0C7FH         LINE#         97
  C:0C86H         LINE#         98
  C:0C86H         LINE#         100
  C:0C8BH         LINE#         101
  C:0C8EH         LINE#         102
  C:0C8EH         LINE#         104
  C:0C9EH         LINE#         105
  C:0CA1H         LINE#         106
  C:0CA6H         LINE#         107
  C:0CA9H         LINE#         108
  -------         ENDPROC       _I2C_XMIT
  -------         PROC          _I2C_RCV
  D:0007H         SYMBOL        slave_addr
BL51 BANKED LINKER/LOCATER V6.22.2.0                                                  03/04/2022  12:09:13  PAGE 4


  D:0005H         SYMBOL        word_addr
  D:0040H         SYMBOL        length
  D:0041H         SYMBOL        buffer
  -------         DO            
  D:0007H         SYMBOL        i
  D:0006H         SYMBOL        error
  -------         ENDDO         
  C:0B6DH         LINE#         111
  C:0B6FH         LINE#         112
  C:0B6FH         LINE#         114
  C:0B71H         LINE#         115
  C:0B76H         LINE#         117
  C:0B79H         LINE#         118
  C:0B7BH         LINE#         120
  C:0B80H         LINE#         122
  C:0B83H         LINE#         123
  C:0B83H         LINE#         124
  C:0B83H         LINE#         125
  C:0B85H         LINE#         126
  C:0B85H         LINE#         128
  C:0B85H         LINE#         130
  C:0B87H         LINE#         133
  C:0B8CH         LINE#         135
  C:0B8FH         LINE#         136
  C:0B8FH         LINE#         137
  C:0B92H         LINE#         138
  C:0B95H         LINE#         139
  C:0B95H         LINE#         141
  C:0B95H         LINE#         143
  C:0B98H         LINE#         145
  C:0B9CH         LINE#         146
  C:0BA4H         LINE#         147
  C:0BA4H         LINE#         149
  C:0BA9H         LINE#         151
  C:0BACH         LINE#         152
  C:0BAEH         LINE#         153
  C:0BB0H         LINE#         154
  C:0BB0H         LINE#         156
  C:0BB0H         LINE#         159
  C:0BC0H         LINE#         160
  C:0BC3H         LINE#         161
  C:0BC6H         LINE#         162
  C:0BC6H         LINE#         163
  C:0BC9H         LINE#         164
  C:0BD8H         LINE#         165
  C:0BDDH         LINE#         166
  C:0BDDH         LINE#         168
  C:0BE0H         LINE#         170
  C:0BE2H         LINE#         171
  -------         ENDPROC       _I2C_RCV
  -------         PROC          _RTC_SETTIME
  D:0007H         SYMBOL        hh
  D:0005H         SYMBOL        mm
  D:0003H         SYMBOL        ss
  -------         DO            
  D:0044H         SYMBOL        buffer
  -------         ENDDO         
BL51 BANKED LINKER/LOCATER V6.22.2.0                                                  03/04/2022  12:09:13  PAGE 5


  C:0CF3H         LINE#         175
  C:0CF3H         LINE#         176
  C:0CF3H         LINE#         178
  C:0CF6H         LINE#         179
  C:0CF8H         LINE#         180
  C:0CFAH         LINE#         181
  C:0CFCH         LINE#         182
  C:0CFFH         LINE#         183
  C:0D02H         LINE#         184
  -------         ENDPROC       _RTC_SETTIME
  -------         PROC          _RTC_READTIME
  D:0021H         SYMBOL        hh
  D:0024H         SYMBOL        mm
  D:0027H         SYMBOL        ss
  -------         DO            
  D:002AH         SYMBOL        buffer
  -------         ENDDO         
  C:0BE3H         LINE#         188
  C:0BE9H         LINE#         189
  C:0BE9H         LINE#         190
  C:0BFCH         LINE#         192
  C:0C0EH         LINE#         194
  C:0C19H         LINE#         195
  C:0C24H         LINE#         196
  -------         ENDPROC       _RTC_READTIME
  -------         PROC          TIMER0_ISR
  C:0AF3H         LINE#         199
  C:0AF7H         LINE#         201
  C:0AFFH         LINE#         202
  C:0B0CH         LINE#         203
  C:0B0CH         LINE#         204
  C:0B12H         LINE#         205
  C:0B12H         LINE#         206
  C:0B1FH         LINE#         207
  C:0B1FH         LINE#         208
  C:0B27H         LINE#         209
  C:0B29H         LINE#         211
  C:0B29H         LINE#         212
  C:0B2FH         LINE#         213
  C:0B35H         LINE#         214
  C:0B35H         LINE#         215
  C:0B35H         LINE#         216
  C:0B37H         LINE#         217
  C:0B3FH         LINE#         218
  C:0B3FH         LINE#         219
  C:0B4CH         LINE#         220
  C:0B4CH         LINE#         221
  C:0B54H         LINE#         222
  C:0B56H         LINE#         224
  C:0B56H         LINE#         225
  C:0B5CH         LINE#         226
  C:0B62H         LINE#         227
  C:0B62H         LINE#         228
  C:0B68H         LINE#         229
  C:0B68H         LINE#         231
  C:0B68H         LINE#         232
  C:0B68H         LINE#         233
BL51 BANKED LINKER/LOCATER V6.22.2.0                                                  03/04/2022  12:09:13  PAGE 6


  C:0B68H         LINE#         235
  C:0B68H         LINE#         237
  C:0B68H         LINE#         238
  -------         ENDPROC       TIMER0_ISR
  -------         PROC          INIT_LCD
  -------         DO            
  D:0006H         SYMBOL        index1
  -------         ENDDO         
  C:0C2FH         LINE#         241
  C:0C2FH         LINE#         242
  C:0C2FH         LINE#         246
  C:0C35H         LINE#         247
  C:0C43H         LINE#         249
  C:0C49H         LINE#         250
  C:0C57H         LINE#         252
  C:0C5AH         LINE#         255
  C:0C60H         LINE#         256
  C:0C6EH         LINE#         257
  -------         ENDPROC       INIT_LCD
  -------         PROC          CLEAR_LCD
  -------         DO            
  D:0006H         SYMBOL        index1
  -------         ENDDO         
  C:0D0FH         LINE#         259
  C:0D0FH         LINE#         260
  C:0D0FH         LINE#         262
  C:0D15H         LINE#         263
  C:0D23H         LINE#         264
  -------         ENDPROC       CLEAR_LCD
  -------         PROC          _WRITE_CHAR
  D:0007H         SYMBOL        value
  -------         DO            
  D:0006H         SYMBOL        index1
  -------         ENDDO         
  C:0CAAH         LINE#         267
  C:0CAAH         LINE#         268
  C:0CAAH         LINE#         270
  C:0CB2H         LINE#         271
  C:0CB2H         LINE#         273
  C:0CB2H         LINE#         274
  C:0CB7H         LINE#         275
  C:0CB7H         LINE#         276
  C:0CBCH         LINE#         277
  C:0CBEH         LINE#         279
  C:0CBEH         LINE#         280
  C:0CC4H         LINE#         282
  C:0CC4H         LINE#         283
  C:0CD2H         LINE#         284
  -------         ENDPROC       _WRITE_CHAR
  -------         PROC          _PRINT_STR_LCD
  D:0033H         SYMBOL        value
  -------         DO            
  D:0036H         SYMBOL        laenge
  D:0038H         SYMBOL        index
  D:003AH         SYMBOL        index2
  D:003CH         SYMBOL        index3
  -------         ENDDO         
BL51 BANKED LINKER/LOCATER V6.22.2.0                                                  03/04/2022  12:09:13  PAGE 7


  C:0970H         LINE#         286
  C:0976H         LINE#         287
  C:0976H         LINE#         288
  C:097DH         LINE#         289
  C:0982H         LINE#         290
  C:0986H         LINE#         291
  C:098AH         LINE#         292
  C:098DH         LINE#         294
  C:09A6H         LINE#         295
  C:09A6H         LINE#         297
  C:09CCH         LINE#         298
  C:09CCH         LINE#         299
  C:09ECH         LINE#         300
  C:09ECH         LINE#         301
  C:09F2H         LINE#         302
  C:09F4H         LINE#         303
  C:0A05H         LINE#         304
  C:0A05H         LINE#         305
  C:0A0BH         LINE#         306
  C:0A0BH         LINE#         307
  C:0A0EH         LINE#         311
  C:0A16H         LINE#         312
  C:0A18H         LINE#         313
  C:0A20H         LINE#         314
  C:0A20H         LINE#         315
  C:0A25H         LINE#         316
  C:0A38H         LINE#         317
  C:0A40H         LINE#         318
  C:0A42H         LINE#         319
  C:0A4FH         LINE#         320
  C:0A4FH         LINE#         321
  C:0A52H         LINE#         322
  C:0A58H         LINE#         323
  C:0A58H         LINE#         324
  C:0A66H         LINE#         325
  -------         ENDPROC       _PRINT_STR_LCD
  -------         ENDMOD        MAIN

  -------         MODULE        ?C?COPY
  C:08D0H         PUBLIC        ?C?COPY
  -------         ENDMOD        ?C?COPY

  -------         MODULE        ?C?CLDOPTR
  C:08F6H         PUBLIC        ?C?CLDOPTR
  -------         ENDMOD        ?C?CLDOPTR

  -------         MODULE        ?C?CSTPTR
  C:0923H         PUBLIC        ?C?CSTPTR
  -------         ENDMOD        ?C?CSTPTR

  -------         MODULE        ?C?CSTOPTR
  C:0935H         PUBLIC        ?C?CSTOPTR
  -------         ENDMOD        ?C?CSTOPTR

  -------         MODULE        STRLEN
  C:0D24H         PUBLIC        _STRLEN
  -------         ENDMOD        STRLEN
BL51 BANKED LINKER/LOCATER V6.22.2.0                                                  03/04/2022  12:09:13  PAGE 8



  -------         MODULE        ?C?CLDPTR
  C:0957H         PUBLIC        ?C?CLDPTR
  -------         ENDMOD        ?C?CLDPTR

*** WARNING L16: UNCALLED SEGMENT, IGNORED FOR OVERLAY PROCESS
    SEGMENT: ?PR?_RTC_SETTIME?MAIN

*** WARNING L16: UNCALLED SEGMENT, IGNORED FOR OVERLAY PROCESS
    SEGMENT: ?PR?_RTC_READTIME?MAIN

******************************************************************************
* RESTRICTED VERSION WITH 0800H BYTE CODE SIZE LIMIT; USED: 035CH BYTE (41%) *
******************************************************************************

Program Size: data=78.0 xdata=65281 code=1393
LINK/LOCATE RUN COMPLETE.  2 WARNING(S),  0 ERROR(S)
