BL51 BANKED LINKER/LOCATER V6.22.2.0                                                    03/09/2022  21:10:51  PAGE 1


BL51 BANKED LINKER/LOCATER V6.22.2.0, INVOKED BY:
C:\KEIL_V5\C51\BIN\BL51.EXE main.obj TO LCD_test RAMSIZE (256) CODE (0X0000-0X1FFE) XDATA (0X4000-0XBFFE, 0XF800-0XFFFF)
>> 


MEMORY MODEL: SMALL


INPUT MODULES INCLUDED:
  main.obj (MAIN)
  C:\KEIL_V5\C51\LIB\C51S.LIB (?C_STARTUP)
  C:\KEIL_V5\C51\LIB\C51S.LIB (?C?COPY)
  C:\KEIL_V5\C51\LIB\C51S.LIB (?C?CLDPTR)
  C:\KEIL_V5\C51\LIB\C51S.LIB (?C?CLDOPTR)
  C:\KEIL_V5\C51\LIB\C51S.LIB (?C?CSTPTR)
  C:\KEIL_V5\C51\LIB\C51S.LIB (?C?CSTOPTR)
  C:\KEIL_V5\C51\LIB\C51S.LIB (STRLEN)
  C:\KEIL_V5\C51\LIB\C51S.LIB (?C_INIT)


LINK MAP OF MODULE:  LCD_test (MAIN)


            TYPE    BASE      LENGTH    RELOCATION   SEGMENT NAME
            -----------------------------------------------------

            * * * * * * *   D A T A   M E M O R Y   * * * * * * *
            REG     0000H     0008H     ABSOLUTE     "REG BANK 0"
            DATA    0008H     0020H     UNIT         _DATA_GROUP_
            DATA    0028H     0015H     UNIT         ?DT?MAIN
            DATA    003DH     0006H     UNIT         ?DT?_RTC_SETTIME?MAIN
            DATA    0043H     0003H     UNIT         ?DT?_I2C_XMIT?MAIN
            IDATA   0046H     0001H     UNIT         ?STACK

            * * * * * * *  X D A T A   M E M O R Y  * * * * * * *
            XDATA   0000H     FEFFH     ABSOLUTE     
                    FEFFH     0081H                  *** GAP ***
            XDATA   FF80H     0001H     ABSOLUTE     
                    FF81H     0001H                  *** GAP ***
            XDATA   FF82H     0001H     ABSOLUTE     
                    FF83H     001DH                  *** GAP ***
            XDATA   FFA0H     0001H     ABSOLUTE     
            XDATA   FFA1H     0001H     ABSOLUTE     

            * * * * * * *   C O D E   M E M O R Y   * * * * * * *
            CODE    0000H     0003H     ABSOLUTE     
                    0003H     0008H                  *** GAP ***
            CODE    000BH     0003H     ABSOLUTE     
                    000EH     07F2H                  *** GAP ***
            CODE    0800H     0170H     UNIT         ?C?LIB_CODE
            CODE    0970H     00FDH     UNIT         ?PR?_PRINT_STR_LCD?MAIN
            CODE    0A6DH     009EH     UNIT         ?PR?_I2C_RCV?MAIN
            CODE    0B0BH     008CH     UNIT         ?C_C51STARTUP
            CODE    0B97H     0085H     UNIT         ?PR?MAIN?MAIN
            CODE    0C1CH     005AH     UNIT         ?PR?_CLOCKSTRING?MAIN
            CODE    0C76H     004CH     UNIT         ?PR?_RTC_READTIME?MAIN
            CODE    0CC2H     004AH     UNIT         ?PR?_I2C_XMIT?MAIN
            CODE    0D0CH     0040H     UNIT         ?PR?INIT_LCD?MAIN
BL51 BANKED LINKER/LOCATER V6.22.2.0                                                  03/09/2022  21:10:51  PAGE 2


            CODE    0D4CH     0029H     UNIT         ?PR?_WRITE_CHAR?MAIN
            CODE    0D75H     001CH     UNIT         ?PR?_RTC_SETTIME?MAIN
            CODE    0D91H     001BH     UNIT         ?PR?IRQ_TIMER0?MAIN
            CODE    0DACH     001BH     UNIT         ?PR?I2C_INIT?MAIN
            CODE    0DC7H     0016H     UNIT         ?PR?TIMER_INIT?MAIN
            CODE    0DDDH     0015H     UNIT         ?PR?CLEAR_LCD?MAIN
            CODE    0DF2H     0015H     UNIT         ?PR?_STRLEN?STRLEN
            CODE    0E07H     000EH     UNIT         ?CO?MAIN
            CODE    0E15H     000CH     UNIT         ?C_INITSEG



OVERLAY MAP OF MODULE:   LCD_test (MAIN)


SEGMENT                           DATA_GROUP 
  +--> CALLED SEGMENT           START    LENGTH
-----------------------------------------------
?C_C51STARTUP                   -----    -----
  +--> ?PR?MAIN?MAIN
  +--> ?C_INITSEG

?PR?MAIN?MAIN                   0008H    000BH
  +--> ?CO?MAIN
  +--> ?PR?I2C_INIT?MAIN
  +--> ?PR?INIT_LCD?MAIN
  +--> ?PR?TIMER_INIT?MAIN
  +--> ?PR?_PRINT_STR_LCD?MAIN
  +--> ?PR?_RTC_READTIME?MAIN
  +--> ?PR?_CLOCKSTRING?MAIN

?PR?INIT_LCD?MAIN               -----    -----
  +--> ?PR?CLEAR_LCD?MAIN

?PR?_PRINT_STR_LCD?MAIN         0013H    000BH
  +--> ?PR?_STRLEN?STRLEN
  +--> ?PR?CLEAR_LCD?MAIN
  +--> ?PR?_WRITE_CHAR?MAIN

?PR?_RTC_READTIME?MAIN          0013H    000FH
  +--> ?CO?MAIN
  +--> ?PR?_I2C_RCV?MAIN

?PR?_I2C_RCV?MAIN               0022H    0006H

?PR?_CLOCKSTRING?MAIN           0013H    000EH



SYMBOL TABLE OF MODULE:  LCD_test (MAIN)

  VALUE           TYPE          NAME
  ----------------------------------

  -------         MODULE        MAIN
  C:0000H         SYMBOL        _ICE_DUMMY_
  C:0976H         PUBLIC        _print_str_lcd
BL51 BANKED LINKER/LOCATER V6.22.2.0                                                  03/09/2022  21:10:51  PAGE 3


  C:0D91H         PUBLIC        IRQ_Timer0
  X:FFA1H         PUBLIC        i2c_s1
  C:0C1CH         PUBLIC        _clockString
  C:0DACH         PUBLIC        i2c_init
  C:0DDDH         PUBLIC        Clear_LCD
  X:FFA0H         PUBLIC        i2c_reg
  C:0CC2H         PUBLIC        _i2c_xmit
  D:0028H         PUBLIC        timer
  C:0B97H         PUBLIC        main
  D:002AH         PUBLIC        incl
  C:0D75H         PUBLIC        _rtc_settime
  C:0A6DH         PUBLIC        _i2c_rcv
  C:0D4CH         PUBLIC        _write_char
  X:FF80H         PUBLIC        cmd
  D:0089H         PUBLIC        TMOD
  X:0000H         PUBLIC        xmem
  C:0DC7H         PUBLIC        timer_init
  X:FF82H         PUBLIC        chr
  C:0E07H         SYMBOL        _?ix1000
  C:0E0FH         SYMBOL        _?ix1001
  B:00A8H.1       PUBLIC        ET0
  C:0D0CH         PUBLIC        Init_LCD
  B:0088H.5       PUBLIC        TF0
  D:008CH         PUBLIC        TH0
  B:0088H.0       PUBLIC        IT0
  D:008AH         PUBLIC        TL0
  B:00A8H.7       PUBLIC        EAL
  B:0088H.4       PUBLIC        TR0
  D:002BH         PUBLIC        rtc_buf
  D:003BH         PUBLIC        display
  C:0C76H         PUBLIC        _rtc_readtime
  -------         PROC          MAIN
  -------         DO            
  D:0008H         SYMBOL        displayTime
  D:0010H         SYMBOL        ss
  D:0011H         SYMBOL        mm
  D:0012H         SYMBOL        hh
  -------         ENDDO         
  C:0B97H         LINE#         51
  C:0B97H         LINE#         52
  C:0B97H         LINE#         53
  C:0BAAH         LINE#         60
  C:0BADH         LINE#         66
  C:0BB0H         LINE#         69
  C:0BB3H         LINE#         71
  C:0BB6H         LINE#         73
  C:0BBCH         LINE#         75
  C:0BBCH         LINE#         76
  C:0BBCH         LINE#         77
  C:0BD7H         LINE#         79
  C:0BEDH         LINE#         80
  C:0BEDH         LINE#         81
  C:0C11H         LINE#         82
  C:0C14H         LINE#         83
  C:0C1AH         LINE#         84
  C:0C1AH         LINE#         85
  -------         ENDPROC       MAIN
BL51 BANKED LINKER/LOCATER V6.22.2.0                                                  03/09/2022  21:10:51  PAGE 4


  -------         PROC          _CLOCKSTRING
  D:0013H         SYMBOL        value
  D:0016H         SYMBOL        hh
  D:0019H         SYMBOL        mm
  D:001CH         SYMBOL        ss
  -------         DO            
  D:001FH         SYMBOL        index
  D:0020H         SYMBOL        vss
  -------         ENDDO         
  C:0C1CH         LINE#         88
  C:0C22H         LINE#         89
  C:0C22H         LINE#         91
  C:0C2DH         LINE#         93
  C:0C42H         LINE#         94
  C:0C42H         LINE#         95
  C:0C69H         LINE#         96
  C:0C71H         LINE#         97
  C:0C75H         LINE#         98
  -------         ENDPROC       _CLOCKSTRING
  -------         PROC          TIMER_INIT
  C:0DC7H         LINE#         100
  C:0DC7H         LINE#         101
  C:0DC7H         LINE#         103
  C:0DC9H         LINE#         105
  C:0DCBH         LINE#         107
  C:0DCDH         LINE#         109
  C:0DD0H         LINE#         112
  C:0DD3H         LINE#         113
  C:0DD6H         LINE#         116
  C:0DD8H         LINE#         119
  C:0DDAH         LINE#         121
  C:0DDCH         LINE#         122
  -------         ENDPROC       TIMER_INIT
  -------         PROC          IRQ_TIMER0
  C:0D91H         LINE#         124
  C:0D93H         LINE#         126
  C:0D95H         LINE#         127
  C:0D97H         LINE#         130
  C:0D9FH         LINE#         132
  C:0DA2H         LINE#         133
  C:0DA5H         LINE#         135
  C:0DA7H         LINE#         136
  C:0DA9H         LINE#         137
  -------         ENDPROC       IRQ_TIMER0
  -------         PROC          I2C_INIT
  C:0DACH         LINE#         139
  C:0DACH         LINE#         140
  C:0DACH         LINE#         141
  C:0DB2H         LINE#         142
  C:0DB8H         LINE#         143
  C:0DBCH         LINE#         144
  C:0DC2H         LINE#         145
  C:0DC6H         LINE#         146
  -------         ENDPROC       I2C_INIT
  -------         PROC          _I2C_XMIT
  D:0007H         SYMBOL        slave_addr
  D:0005H         SYMBOL        length
BL51 BANKED LINKER/LOCATER V6.22.2.0                                                  03/09/2022  21:10:51  PAGE 5


  D:0043H         SYMBOL        buffer
  -------         DO            
  D:0007H         SYMBOL        i
  -------         ENDDO         
  C:0CC2H         LINE#         149
  C:0CC8H         LINE#         150
  C:0CC8H         LINE#         153
  C:0CD0H         LINE#         154
  C:0CD3H         LINE#         156
  C:0CD8H         LINE#         158
  C:0CDFH         LINE#         159
  C:0CDFH         LINE#         161
  C:0CE7H         LINE#         162
  C:0CECH         LINE#         163
  C:0CECH         LINE#         165
  C:0CFDH         LINE#         166
  C:0D00H         LINE#         167
  C:0D08H         LINE#         168
  C:0D0BH         LINE#         169
  -------         ENDPROC       _I2C_XMIT
  -------         PROC          _I2C_RCV
  D:0007H         SYMBOL        slave_addr
  D:0005H         SYMBOL        word_addr
  D:0024H         SYMBOL        length
  D:0025H         SYMBOL        buffer
  -------         DO            
  D:0007H         SYMBOL        i
  D:0006H         SYMBOL        error
  -------         ENDDO         
  C:0A6DH         LINE#         172
  C:0A6FH         LINE#         173
  C:0A6FH         LINE#         175
  C:0A71H         LINE#         176
  C:0A79H         LINE#         178
  C:0A7EH         LINE#         179
  C:0A82H         LINE#         182
  C:0A89H         LINE#         184
  C:0A8DH         LINE#         185
  C:0A8DH         LINE#         186
  C:0A8DH         LINE#         187
  C:0A8FH         LINE#         188
  C:0A8FH         LINE#         190
  C:0A8FH         LINE#         192
  C:0A94H         LINE#         195
  C:0A9BH         LINE#         197
  C:0A9FH         LINE#         198
  C:0A9FH         LINE#         199
  C:0AA2H         LINE#         200
  C:0AA5H         LINE#         201
  C:0AA5H         LINE#         203
  C:0AA5H         LINE#         205
  C:0AABH         LINE#         207
  C:0AB1H         LINE#         208
  C:0AB9H         LINE#         209
  C:0AB9H         LINE#         211
  C:0AC1H         LINE#         213
  C:0AC6H         LINE#         214
BL51 BANKED LINKER/LOCATER V6.22.2.0                                                  03/09/2022  21:10:51  PAGE 6


  C:0AC8H         LINE#         215
  C:0ACAH         LINE#         216
  C:0ACAH         LINE#         218
  C:0ACAH         LINE#         221
  C:0ADCH         LINE#         222
  C:0ADFH         LINE#         223
  C:0AE2H         LINE#         224
  C:0AE2H         LINE#         225
  C:0AE8H         LINE#         226
  C:0AFAH         LINE#         227
  C:0B02H         LINE#         228
  C:0B02H         LINE#         230
  C:0B08H         LINE#         232
  C:0B0AH         LINE#         233
  -------         ENDPROC       _I2C_RCV
  -------         PROC          _RTC_SETTIME
  D:0007H         SYMBOL        hh
  D:0005H         SYMBOL        mm
  D:0003H         SYMBOL        ss
  -------         DO            
  D:003DH         SYMBOL        buffer
  -------         ENDDO         
  C:0D75H         LINE#         235
  C:0D75H         LINE#         236
  C:0D75H         LINE#         238
  C:0D78H         LINE#         239
  C:0D7AH         LINE#         240
  C:0D7CH         LINE#         241
  C:0D7EH         LINE#         242
  C:0D81H         LINE#         243
  C:0D84H         LINE#         244
  -------         ENDPROC       _RTC_SETTIME
  -------         PROC          _RTC_READTIME
  D:0013H         SYMBOL        hh
  D:0016H         SYMBOL        mm
  D:0019H         SYMBOL        ss
  -------         DO            
  D:001CH         SYMBOL        buffer
  -------         ENDDO         
  C:0C76H         LINE#         248
  C:0C7CH         LINE#         249
  C:0C7CH         LINE#         250
  C:0C8FH         LINE#         252
  C:0CA1H         LINE#         254
  C:0CACH         LINE#         255
  C:0CB7H         LINE#         256
  -------         ENDPROC       _RTC_READTIME
  -------         PROC          INIT_LCD
  -------         DO            
  D:0006H         SYMBOL        index1
  -------         ENDDO         
  C:0D0CH         LINE#         259
  C:0D0CH         LINE#         260
  C:0D0CH         LINE#         264
  C:0D12H         LINE#         265
  C:0D20H         LINE#         267
  C:0D26H         LINE#         268
BL51 BANKED LINKER/LOCATER V6.22.2.0                                                  03/09/2022  21:10:51  PAGE 7


  C:0D34H         LINE#         270
  C:0D37H         LINE#         273
  C:0D3DH         LINE#         274
  C:0D4BH         LINE#         275
  -------         ENDPROC       INIT_LCD
  -------         PROC          CLEAR_LCD
  -------         DO            
  D:0006H         SYMBOL        index1
  -------         ENDDO         
  C:0DDDH         LINE#         277
  C:0DDDH         LINE#         278
  C:0DDDH         LINE#         280
  C:0DE3H         LINE#         281
  C:0DF1H         LINE#         282
  -------         ENDPROC       CLEAR_LCD
  -------         PROC          _WRITE_CHAR
  D:0007H         SYMBOL        value
  -------         DO            
  D:0006H         SYMBOL        index1
  -------         ENDDO         
  C:0D4CH         LINE#         285
  C:0D4CH         LINE#         286
  C:0D4CH         LINE#         288
  C:0D54H         LINE#         289
  C:0D54H         LINE#         291
  C:0D54H         LINE#         292
  C:0D59H         LINE#         293
  C:0D59H         LINE#         294
  C:0D5EH         LINE#         295
  C:0D60H         LINE#         297
  C:0D60H         LINE#         298
  C:0D66H         LINE#         300
  C:0D66H         LINE#         301
  C:0D74H         LINE#         302
  -------         ENDPROC       _WRITE_CHAR
  -------         PROC          L?0090
  -------         ENDPROC       L?0090
  -------         PROC          _PRINT_STR_LCD
  D:0013H         SYMBOL        value
  -------         DO            
  D:0016H         SYMBOL        laenge
  D:0018H         SYMBOL        index
  D:001AH         SYMBOL        index2
  D:001CH         SYMBOL        index3
  -------         ENDDO         
  C:0976H         LINE#         304
  C:097CH         LINE#         305
  C:097CH         LINE#         306
  C:0983H         LINE#         307
  C:0988H         LINE#         308
  C:098CH         LINE#         309
  C:0990H         LINE#         310
  C:0993H         LINE#         312
  C:09ACH         LINE#         313
  C:09ACH         LINE#         315
  C:09D2H         LINE#         316
  C:09D2H         LINE#         317
BL51 BANKED LINKER/LOCATER V6.22.2.0                                                  03/09/2022  21:10:51  PAGE 8


  C:09F2H         LINE#         318
  C:09F2H         LINE#         319
  C:09F8H         LINE#         320
  C:09FAH         LINE#         321
  C:0A0BH         LINE#         322
  C:0A0BH         LINE#         323
  C:0A11H         LINE#         324
  C:0A11H         LINE#         325
  C:0A14H         LINE#         329
  C:0A1CH         LINE#         330
  C:0A1EH         LINE#         331
  C:0A26H         LINE#         332
  C:0A26H         LINE#         333
  C:0A2BH         LINE#         334
  C:0A3EH         LINE#         335
  C:0A46H         LINE#         336
  C:0A48H         LINE#         337
  C:0A55H         LINE#         338
  C:0A55H         LINE#         339
  C:0A58H         LINE#         340
  C:0A5EH         LINE#         341
  C:0A5EH         LINE#         342
  C:0A6CH         LINE#         343
  -------         ENDPROC       _PRINT_STR_LCD
  -------         ENDMOD        MAIN

  -------         MODULE        ?C?COPY
  C:08D0H         PUBLIC        ?C?COPY
  -------         ENDMOD        ?C?COPY

  -------         MODULE        ?C?CLDPTR
  C:08F6H         PUBLIC        ?C?CLDPTR
  -------         ENDMOD        ?C?CLDPTR

  -------         MODULE        ?C?CLDOPTR
  C:090FH         PUBLIC        ?C?CLDOPTR
  -------         ENDMOD        ?C?CLDOPTR

  -------         MODULE        ?C?CSTPTR
  C:093CH         PUBLIC        ?C?CSTPTR
  -------         ENDMOD        ?C?CSTPTR

  -------         MODULE        ?C?CSTOPTR
  C:094EH         PUBLIC        ?C?CSTOPTR
  -------         ENDMOD        ?C?CSTOPTR

  -------         MODULE        STRLEN
  C:0DF2H         PUBLIC        _STRLEN
  -------         ENDMOD        STRLEN

*** WARNING L16: UNCALLED SEGMENT, IGNORED FOR OVERLAY PROCESS
    SEGMENT: ?PR?_RTC_SETTIME?MAIN

******************************************************************************
* RESTRICTED VERSION WITH 0800H BYTE CODE SIZE LIMIT; USED: 0412H BYTE (50%) *
******************************************************************************

BL51 BANKED LINKER/LOCATER V6.22.2.0                                                  03/09/2022  21:10:51  PAGE 9


Program Size: data=71.0 xdata=65283 code=1575
LINK/LOCATE RUN COMPLETE.  1 WARNING(S),  0 ERROR(S)
