BL51 BANKED LINKER/LOCATER V6.22.2.0                                                    03/27/2022  15:16:11  PAGE 1


BL51 BANKED LINKER/LOCATER V6.22.2.0, INVOKED BY:
C:\KEIL_V5\C51\BIN\BL51.EXE main.obj TO LCD_test RAMSIZE (256) CODE (0X0000-0X1FFE) XDATA (0X4000-0XBFFE, 0XF800-0XFFFF)
>> 


MEMORY MODEL: SMALL


INPUT MODULES INCLUDED:
  main.obj (MAIN)
  C:\KEIL_V5\C51\LIB\C51S.LIB (?C_STARTUP)
  C:\KEIL_V5\C51\LIB\C51S.LIB (?C?CLDPTR)
  C:\KEIL_V5\C51\LIB\C51S.LIB (?C?CLDOPTR)
  C:\KEIL_V5\C51\LIB\C51S.LIB (?C?CSTPTR)
  C:\KEIL_V5\C51\LIB\C51S.LIB (?C?CSTOPTR)
  C:\KEIL_V5\C51\LIB\C51S.LIB (?C?SIDIV517)
  C:\KEIL_V5\C51\LIB\C51S.LIB (?C?COPY517)
  C:\KEIL_V5\C51\LIB\C51S.LIB (?C_INIT)
  C:\KEIL_V5\C51\LIB\C51S.LIB (?C?DPSEL)
  C:\KEIL_V5\C51\LIB\C51S.LIB (?C?UIDIV517)


LINK MAP OF MODULE:  LCD_test (MAIN)


            TYPE    BASE      LENGTH    RELOCATION   SEGMENT NAME
            -----------------------------------------------------

            * * * * * * *   D A T A   M E M O R Y   * * * * * * *
            REG     0000H     0008H     ABSOLUTE     "REG BANK 0"
            DATA    0008H     002DH     UNIT         _DATA_GROUP_
            DATA    0035H     002CH     UNIT         ?DT?MAIN
            IDATA   0061H     0001H     UNIT         ?STACK

            * * * * * * *  X D A T A   M E M O R Y  * * * * * * *
            XDATA   0000H     FEFFH     ABSOLUTE     
                    FEFFH     0081H                  *** GAP ***
            XDATA   FF80H     0001H     ABSOLUTE     
                    FF81H     0001H                  *** GAP ***
            XDATA   FF82H     0001H     ABSOLUTE     
                    FF83H     001DH                  *** GAP ***
            XDATA   FFA0H     0001H     ABSOLUTE     
            XDATA   FFA1H     0001H     ABSOLUTE     

            * * * * * * *   C O D E   M E M O R Y   * * * * * * *
            CODE    0000H     0003H     ABSOLUTE     
                    0003H     07FDH                  *** GAP ***
            CODE    0800H     01B7H     UNIT         ?C?LIB_CODE
            CODE    09B7H     015EH     UNIT         ?PR?MAIN?MAIN
            CODE    0B15H     010CH     UNIT         ?PR?_SHOWTEXT?MAIN
            CODE    0C21H     00A1H     UNIT         ?PR?_I2C_RCV?MAIN
            CODE    0CC2H     008CH     UNIT         ?C_C51STARTUP
            CODE    0D4EH     006DH     UNIT         ?PR?_RTC_READTIME?MAIN
            CODE    0DBBH     004DH     UNIT         ?PR?_WOCHENTAG?MAIN
            CODE    0E08H     004AH     UNIT         ?PR?_I2C_XMIT?MAIN
            CODE    0E52H     0040H     UNIT         ?PR?INIT_LCD?MAIN
            CODE    0E92H     0029H     UNIT         ?PR?_SHOWCHAR?MAIN
            CODE    0EBBH     0021H     UNIT         ?C_INITSEG
BL51 BANKED LINKER/LOCATER V6.22.2.0                                                  03/27/2022  15:16:11  PAGE 2


            CODE    0EDCH     001CH     UNIT         ?PR?_RTC_SETTIME?MAIN
            CODE    0EF8H     001BH     UNIT         ?PR?INIT_I2C?MAIN
            CODE    0F13H     0017H     UNIT         ?PR?CLEAR_LCD?MAIN
            CODE    0F2AH     0017H     UNIT         ?PR?_STRINGLENGTH?MAIN
            CODE    0F41H     0008H     UNIT         ?CO?MAIN



OVERLAY MAP OF MODULE:   LCD_test (MAIN)


SEGMENT                          DATA_GROUP 
  +--> CALLED SEGMENT          START    LENGTH
----------------------------------------------
?C_C51STARTUP                  -----    -----
  +--> ?PR?MAIN?MAIN
  +--> ?C_INITSEG

?PR?MAIN?MAIN                  0008H    000DH
  +--> ?PR?CLEAR_LCD?MAIN
  +--> ?PR?INIT_LCD?MAIN
  +--> ?PR?INIT_I2C?MAIN
  +--> ?PR?_RTC_SETTIME?MAIN
  +--> ?PR?_RTC_READTIME?MAIN
  +--> ?PR?_WOCHENTAG?MAIN
  +--> ?PR?_SHOWTEXT?MAIN

?PR?INIT_LCD?MAIN              -----    -----
  +--> ?PR?CLEAR_LCD?MAIN

?PR?_RTC_SETTIME?MAIN          0015H    000BH
  +--> ?PR?_I2C_XMIT?MAIN

?PR?_I2C_XMIT?MAIN             0020H    0003H

?PR?_RTC_READTIME?MAIN         0015H    001AH
  +--> ?CO?MAIN
  +--> ?PR?_I2C_RCV?MAIN

?PR?_I2C_RCV?MAIN              002FH    0006H

?PR?_SHOWTEXT?MAIN             0015H    000BH
  +--> ?PR?_STRINGLENGTH?MAIN
  +--> ?PR?CLEAR_LCD?MAIN
  +--> ?PR?_SHOWCHAR?MAIN



SYMBOL TABLE OF MODULE:  LCD_test (MAIN)

  VALUE           TYPE          NAME
  ----------------------------------

  -------         MODULE        MAIN
  C:0000H         SYMBOL        _ICE_DUMMY_
  C:0F2AH         PUBLIC        _stringLength
  X:FFA1H         PUBLIC        i2c_s1
BL51 BANKED LINKER/LOCATER V6.22.2.0                                                  03/27/2022  15:16:11  PAGE 3


  C:0F13H         PUBLIC        Clear_LCD
  X:FFA0H         PUBLIC        i2c_reg
  C:0E08H         PUBLIC        _i2c_xmit
  C:0DBBH         PUBLIC        _Wochentag
  C:09B7H         PUBLIC        main
  D:0035H         PUBLIC        Text
  C:0EDCH         PUBLIC        _rtc_settime
  C:0C21H         PUBLIC        _i2c_rcv
  X:FF80H         PUBLIC        cmd
  X:0000H         PUBLIC        xmem
  X:FF82H         PUBLIC        chr
  C:0F41H         SYMBOL        _?ix1000
  C:0E92H         PUBLIC        _showChar
  C:0EF8H         PUBLIC        init_I2C
  D:0050H         PUBLIC        RTC_ADDR
  D:0051H         PUBLIC        rtc_buf
  C:0E52H         PUBLIC        init_LCD
  C:0B15H         PUBLIC        _showText
  C:0D4EH         PUBLIC        _rtc_readtime
  -------         PROC          MAIN
  -------         DO            
  D:0008H         SYMBOL        ss
  D:0009H         SYMBOL        mm
  D:000AH         SYMBOL        hh
  D:000BH         SYMBOL        dt
  D:000CH         SYMBOL        mt
  D:000DH         SYMBOL        ms
  D:000EH         SYMBOL        lastYY
  D:000FH         SYMBOL        currentYY
  D:0010H         SYMBOL        jahreSeitStart
  D:0011H         SYMBOL        yy
  D:0013H         SYMBOL        aktuellesYYYY
  D:0003H         SYMBOL        index
  -------         ENDDO         
  C:09B7H         LINE#         59
  C:09B7H         LINE#         60
  C:09B7H         LINE#         61
  C:09BAH         LINE#         62
  C:09BCH         LINE#         63
  C:09BEH         LINE#         64
  C:09C0H         LINE#         65
  C:09C2H         LINE#         66
  C:09C4H         LINE#         67
  C:09C6H         LINE#         68
  C:09C8H         LINE#         69
  C:09CAH         LINE#         76
  C:09CDH         LINE#         77
  C:09D0H         LINE#         78
  C:09D3H         LINE#         82
  C:09D9H         LINE#         83
  C:09FCH         LINE#         125
  C:0A09H         LINE#         127
  C:0A09H         LINE#         128
  C:0A09H         LINE#         129
  C:0A3FH         LINE#         132
  C:0A47H         LINE#         133
  C:0A50H         LINE#         136
BL51 BANKED LINKER/LOCATER V6.22.2.0                                                  03/27/2022  15:16:11  PAGE 4


  C:0A58H         LINE#         137
  C:0A61H         LINE#         140
  C:0A69H         LINE#         141
  C:0A72H         LINE#         144
  C:0A7AH         LINE#         145
  C:0A83H         LINE#         148
  C:0A8BH         LINE#         149
  C:0A96H         LINE#         152
  C:0AA0H         LINE#         155
  C:0AA8H         LINE#         156
  C:0AB4H         LINE#         159
  C:0ABDH         LINE#         161
  C:0AC1H         LINE#         162
  C:0AC1H         LINE#         163
  C:0AC4H         LINE#         164
  C:0AC6H         LINE#         165
  C:0AC6H         LINE#         167
  C:0AD3H         LINE#         168
  C:0ADFH         LINE#         169
  C:0ADFH         LINE#         170
  C:0AF7H         LINE#         171
  C:0B06H         LINE#         172
  C:0B09H         LINE#         174
  C:0B12H         LINE#         175
  -------         ENDPROC       MAIN
  -------         PROC          _RTC_SETTIME
  D:0007H         SYMBOL        dt
  D:0005H         SYMBOL        mt
  D:0003H         SYMBOL        hh
  D:0018H         SYMBOL        mm
  D:0019H         SYMBOL        ss
  -------         DO            
  D:001AH         SYMBOL        buffer
  -------         ENDDO         
  C:0EDCH         LINE#         177
  C:0EDCH         LINE#         178
  C:0EDCH         LINE#         181
  C:0EDFH         LINE#         182
  C:0EE2H         LINE#         183
  C:0EE5H         LINE#         184
  C:0EE7H         LINE#         185
  C:0EE9H         LINE#         186
  C:0EEBH         LINE#         188
  -------         ENDPROC       _RTC_SETTIME
  -------         PROC          _RTC_READTIME
  D:0015H         SYMBOL        dt
  D:0018H         SYMBOL        mt
  D:001BH         SYMBOL        hh
  D:001EH         SYMBOL        mm
  D:0021H         SYMBOL        ss
  D:0024H         SYMBOL        ms
  -------         DO            
  D:0027H         SYMBOL        buffer
  -------         ENDDO         
  C:0D4EH         LINE#         191
  C:0D54H         LINE#         192
  C:0D54H         LINE#         193
BL51 BANKED LINKER/LOCATER V6.22.2.0                                                  03/27/2022  15:16:11  PAGE 5


  C:0D67H         LINE#         195
  C:0D79H         LINE#         197
  C:0D84H         LINE#         198
  C:0D8FH         LINE#         199
  C:0D9AH         LINE#         200
  C:0DA5H         LINE#         201
  C:0DB0H         LINE#         202
  -------         ENDPROC       _RTC_READTIME
  -------         PROC          _WOCHENTAG
  D:0007H         SYMBOL        t
  C:0DBBH         LINE#         204
  C:0DBBH         LINE#         205
  C:0DBBH         LINE#         206
  C:0DDDH         LINE#         207
  C:0DDDH         LINE#         208
  C:0DDDH         LINE#         209
  C:0DE0H         LINE#         210
  C:0DE0H         LINE#         211
  C:0DE2H         LINE#         212
  C:0DE2H         LINE#         213
  C:0DE5H         LINE#         214
  C:0DE5H         LINE#         215
  C:0DE7H         LINE#         216
  C:0DE7H         LINE#         217
  C:0DEAH         LINE#         218
  C:0DEDH         LINE#         219
  C:0DEEH         LINE#         220
  C:0DEEH         LINE#         221
  C:0DF1H         LINE#         222
  C:0DF1H         LINE#         223
  C:0DF3H         LINE#         224
  C:0DF3H         LINE#         225
  C:0DF6H         LINE#         226
  C:0DF9H         LINE#         227
  C:0DFAH         LINE#         228
  C:0DFAH         LINE#         229
  C:0DFDH         LINE#         230
  C:0E00H         LINE#         231
  C:0E01H         LINE#         232
  C:0E01H         LINE#         233
  C:0E04H         LINE#         234
  C:0E07H         LINE#         235
  C:0E07H         LINE#         236
  C:0E07H         LINE#         237
  C:0E07H         LINE#         238
  C:0E07H         LINE#         239
  -------         ENDPROC       _WOCHENTAG
  -------         PROC          INIT_LCD
  -------         DO            
  D:0006H         SYMBOL        index1
  -------         ENDDO         
  C:0E52H         LINE#         240
  C:0E52H         LINE#         241
  C:0E52H         LINE#         245
  C:0E58H         LINE#         246
  C:0E66H         LINE#         249
  C:0E6CH         LINE#         250
BL51 BANKED LINKER/LOCATER V6.22.2.0                                                  03/27/2022  15:16:11  PAGE 6


  C:0E7AH         LINE#         252
  C:0E7DH         LINE#         255
  C:0E83H         LINE#         256
  C:0E91H         LINE#         257
  -------         ENDPROC       INIT_LCD
  -------         PROC          CLEAR_LCD
  -------         DO            
  D:0006H         SYMBOL        index1
  -------         ENDDO         
  C:0F13H         LINE#         258
  C:0F13H         LINE#         259
  C:0F13H         LINE#         261
  C:0F19H         LINE#         262
  C:0F1BH         LINE#         263
  C:0F29H         LINE#         264
  -------         ENDPROC       CLEAR_LCD
  -------         PROC          _SHOWCHAR
  D:0007H         SYMBOL        value
  -------         DO            
  D:0006H         SYMBOL        index1
  -------         ENDDO         
  C:0E92H         LINE#         265
  C:0E92H         LINE#         266
  C:0E92H         LINE#         268
  C:0E9AH         LINE#         269
  C:0E9AH         LINE#         271
  C:0E9AH         LINE#         272
  C:0E9FH         LINE#         273
  C:0E9FH         LINE#         274
  C:0EA4H         LINE#         275
  C:0EA6H         LINE#         277
  C:0EA6H         LINE#         278
  C:0EACH         LINE#         280
  C:0EACH         LINE#         281
  C:0EBAH         LINE#         282
  -------         ENDPROC       _SHOWCHAR
  -------         PROC          _SHOWTEXT
  D:0015H         SYMBOL        value
  -------         DO            
  D:0018H         SYMBOL        laenge
  D:001AH         SYMBOL        index
  D:001CH         SYMBOL        index2
  D:001EH         SYMBOL        index3
  -------         ENDDO         
  C:0B15H         LINE#         283
  C:0B1BH         LINE#         284
  C:0B1BH         LINE#         285
  C:0B22H         LINE#         286
  C:0B27H         LINE#         287
  C:0B2BH         LINE#         288
  C:0B2FH         LINE#         289
  C:0B32H         LINE#         291
  C:0B4BH         LINE#         292
  C:0B4BH         LINE#         294
  C:0B71H         LINE#         295
  C:0B71H         LINE#         296
  C:0B91H         LINE#         297
BL51 BANKED LINKER/LOCATER V6.22.2.0                                                  03/27/2022  15:16:11  PAGE 7


  C:0B91H         LINE#         298
  C:0B97H         LINE#         299
  C:0B99H         LINE#         300
  C:0BAAH         LINE#         301
  C:0BAAH         LINE#         302
  C:0BB0H         LINE#         303
  C:0BB0H         LINE#         304
  C:0BB3H         LINE#         306
  C:0BBBH         LINE#         307
  C:0BBDH         LINE#         308
  C:0BC5H         LINE#         309
  C:0BC5H         LINE#         310
  C:0BCAH         LINE#         311
  C:0BDDH         LINE#         312
  C:0BE5H         LINE#         313
  C:0BE7H         LINE#         314
  C:0BF4H         LINE#         315
  C:0BF4H         LINE#         316
  C:0BF7H         LINE#         317
  C:0BFDH         LINE#         318
  C:0BFDH         LINE#         319
  C:0C0BH         LINE#         320
  C:0C20H         LINE#         321
  -------         ENDPROC       _SHOWTEXT
  -------         PROC          INIT_I2C
  C:0EF8H         LINE#         322
  C:0EF8H         LINE#         323
  C:0EF8H         LINE#         324
  C:0EFEH         LINE#         325
  C:0F04H         LINE#         326
  C:0F08H         LINE#         327
  C:0F0EH         LINE#         328
  C:0F12H         LINE#         329
  -------         ENDPROC       INIT_I2C
  -------         PROC          _I2C_XMIT
  D:0007H         SYMBOL        slave_addr
  D:0005H         SYMBOL        length
  D:0020H         SYMBOL        buffer
  -------         DO            
  D:0007H         SYMBOL        i
  -------         ENDDO         
  C:0E08H         LINE#         331
  C:0E0EH         LINE#         332
  C:0E0EH         LINE#         335
  C:0E16H         LINE#         336
  C:0E19H         LINE#         338
  C:0E1EH         LINE#         340
  C:0E25H         LINE#         341
  C:0E25H         LINE#         343
  C:0E2DH         LINE#         344
  C:0E32H         LINE#         345
  C:0E32H         LINE#         347
  C:0E43H         LINE#         348
  C:0E46H         LINE#         349
  C:0E4EH         LINE#         350
  C:0E51H         LINE#         351
  -------         ENDPROC       _I2C_XMIT
BL51 BANKED LINKER/LOCATER V6.22.2.0                                                  03/27/2022  15:16:11  PAGE 8


  -------         PROC          _I2C_RCV
  D:0007H         SYMBOL        slave_addr
  D:0005H         SYMBOL        word_addr
  D:0031H         SYMBOL        length
  D:0032H         SYMBOL        buffer
  -------         DO            
  D:0007H         SYMBOL        i
  D:0006H         SYMBOL        error
  -------         ENDDO         
  C:0C21H         LINE#         353
  C:0C23H         LINE#         354
  C:0C23H         LINE#         356
  C:0C25H         LINE#         357
  C:0C2DH         LINE#         359
  C:0C30H         LINE#         360
  C:0C35H         LINE#         362
  C:0C3DH         LINE#         364
  C:0C42H         LINE#         365
  C:0C42H         LINE#         366
  C:0C42H         LINE#         367
  C:0C44H         LINE#         368
  C:0C44H         LINE#         370
  C:0C44H         LINE#         372
  C:0C49H         LINE#         375
  C:0C51H         LINE#         377
  C:0C56H         LINE#         378
  C:0C56H         LINE#         379
  C:0C59H         LINE#         380
  C:0C5CH         LINE#         381
  C:0C5CH         LINE#         383
  C:0C5CH         LINE#         385
  C:0C62H         LINE#         387
  C:0C68H         LINE#         388
  C:0C70H         LINE#         389
  C:0C70H         LINE#         391
  C:0C78H         LINE#         393
  C:0C7DH         LINE#         394
  C:0C7FH         LINE#         395
  C:0C81H         LINE#         396
  C:0C81H         LINE#         398
  C:0C81H         LINE#         401
  C:0C93H         LINE#         402
  C:0C96H         LINE#         403
  C:0C99H         LINE#         404
  C:0C99H         LINE#         405
  C:0C9FH         LINE#         406
  C:0CB1H         LINE#         407
  C:0CB9H         LINE#         408
  C:0CB9H         LINE#         410
  C:0CBFH         LINE#         412
  C:0CC1H         LINE#         413
  -------         ENDPROC       _I2C_RCV
  -------         PROC          _STRINGLENGTH
  D:0001H         SYMBOL        given_string
  -------         DO            
  D:0006H         SYMBOL        length
  -------         ENDDO         
BL51 BANKED LINKER/LOCATER V6.22.2.0                                                  03/27/2022  15:16:11  PAGE 9


  C:0F2AH         LINE#         415
  C:0F2AH         LINE#         416
  C:0F2AH         LINE#         419
  C:0F2DH         LINE#         421
  C:0F32H         LINE#         422
  C:0F37H         LINE#         423
  C:0F3EH         LINE#         424
  C:0F40H         LINE#         426
  C:0F40H         LINE#         427
  -------         ENDPROC       _STRINGLENGTH
  -------         ENDMOD        MAIN

  -------         MODULE        ?C?CLDPTR
  C:0800H         PUBLIC        ?C?CLDPTR
  -------         ENDMOD        ?C?CLDPTR

  -------         MODULE        ?C?CLDOPTR
  C:0819H         PUBLIC        ?C?CLDOPTR
  -------         ENDMOD        ?C?CLDOPTR

  -------         MODULE        ?C?CSTPTR
  C:0846H         PUBLIC        ?C?CSTPTR
  -------         ENDMOD        ?C?CSTPTR

  -------         MODULE        ?C?CSTOPTR
  C:0858H         PUBLIC        ?C?CSTOPTR
  -------         ENDMOD        ?C?CSTOPTR

  -------         MODULE        ?C?SIDIV517
  C:087AH         PUBLIC        ?C?SIDIV517
  -------         ENDMOD        ?C?SIDIV517

  -------         MODULE        ?C?COPY517
  C:097CH         PUBLIC        ?C?COPY517
  -------         ENDMOD        ?C?COPY517

  -------         MODULE        ?C?DPSEL
  D:0092H         PUBLIC        ?C?DPSEL
  -------         ENDMOD        ?C?DPSEL

  -------         MODULE        ?C?UIDIV517
  C:09A2H         PUBLIC        ?C?UIDIV517
  -------         ENDMOD        ?C?UIDIV517

******************************************************************************
* RESTRICTED VERSION WITH 0800H BYTE CODE SIZE LIMIT; USED: 0505H BYTE (62%) *
******************************************************************************

Program Size: data=98.0 xdata=65283 code=1868
LINK/LOCATE RUN COMPLETE.  0 WARNING(S),  0 ERROR(S)
