C51 COMPILER V9.60.0.0   LCD_API                                                           03/04/2022 11:43:45 PAGE 1   


C51 COMPILER V9.60.0.0, COMPILATION OF MODULE LCD_API
OBJECT MODULE PLACED IN .\lcd_api.obj
COMPILER INVOKED BY: C:\Keil_v5\C51\BIN\C51.EXE ..\LCD_API\lcd_api.c OPTIMIZE(8,SPEED) BROWSE DEBUG OBJECTEXTEND PRINT(.
                    -\lcd_api.lst) TABS(2) OBJECT(.\lcd_api.obj)

line level    source

   1          void Init_LCD()
   2          {
   3   1        int index1;
   4   1      
   5   1        //Funktion definieren: 2  zeilig, 5x7 Dots
   6   1        cmd = 0x38;
*** ERROR C202 IN LINE 6 OF ..\LCD_API\lcd_api.c: 'cmd': undefined identifier
   7   1        for(index1=0;index1<7;index1++);//ca. 50ys warten (mind. 39)
   8   1        //Display ON,Cursor OFF, Blink OFF
   9   1        cmd = 0x0C;
*** ERROR C202 IN LINE 9 OF ..\LCD_API\lcd_api.c: 'cmd': undefined identifier
  10   1        for(index1=0;index1<7;index1++);//ca. 50ys warten
  11   1        
  12   1        Clear_LCD();
  13   1        
  14   1        //Entry Mode: autom Increment ohne Shift
  15   1        cmd = 0x06;
  16   1        for(index1=0;index1<7;index1++);//ca. 50ys warten
  17   1      }
  18          void Clear_LCD()
  19          {
  20   1        int index1;
  21   1        cmd = 0x01;
  22   1        for(index1=0;index1<370;index1++);//ca. 2ms warten (mind. 1.57)
  23   1      }
  24          void write_char(char value)
  25          {
  26   1        int index1;
  27   1        if(value == 0)
  28   1        {
  29   2          return;
  30   2        }
  31   1        if(value != '\n')
  32   1        {
  33   2          chr = value;
  34   2        }
  35   1        else
  36   1        {
  37   2          cmd = 0xC0; //->  Adresse auf die zweite Zeile setzen: 1 ( 1 0 0   0 0 0 0) 
  38   2                //-> DRAM Adresse 0x40!
  39   2        }
  40   1        for(index1=0;index1<7;index1++);//ca. 50ys warten
  41   1      }
  42          void print_str_lcd(char* value)
  43          {
  44   1        int index;
  45   1      
  46   1        Clear_LCD();
  47   1      
  48   1        for(index = 0;index < 4;index++)
  49   1        {
  50   2              write_char(value[index]);
  51   2        }
  52   1        for(index=0;index<1000;index++);//warten
C51 COMPILER V9.60.0.0   LCD_API                                                           03/04/2022 11:43:45 PAGE 2   

  53   1      }

C51 COMPILATION COMPLETE.  0 WARNING(S),  2 ERROR(S)
