BL51 BANKED LINKER/LOCATER V6.22.2.0                                                    03/23/2022  11:40:07  PAGE 1


BL51 BANKED LINKER/LOCATER V6.22.2.0, INVOKED BY:
C:\KEIL_V5\C51\BIN\BL51.EXE main.obj TO LCD_test RAMSIZE (256) CODE (0X0000-0X1FFE) XDATA (0X4000-0XBFFE, 0XF800-0XFFFF)
>> 


MEMORY MODEL: SMALL


INPUT MODULES INCLUDED:
  main.obj (MAIN)
  C:\KEIL_V5\C51\LIB\C51S.LIB (?C_STARTUP)
  C:\KEIL_V5\C51\LIB\C51S.LIB (?C?CLDOPTR)
  C:\KEIL_V5\C51\LIB\C51S.LIB (?C?CSTPTR)
  C:\KEIL_V5\C51\LIB\C51S.LIB (?C?CSTOPTR)
  C:\KEIL_V5\C51\LIB\C51S.LIB (STRLEN)
  C:\KEIL_V5\C51\LIB\C51S.LIB (?C?COPY517)
  C:\KEIL_V5\C51\LIB\C51S.LIB (?C_INIT)
  C:\KEIL_V5\C51\LIB\C51S.LIB (?C?CLDPTR)
  C:\KEIL_V5\C51\LIB\C51S.LIB (?C?DPSEL)


LINK MAP OF MODULE:  LCD_test (MAIN)


            TYPE    BASE      LENGTH    RELOCATION   SEGMENT NAME
            -----------------------------------------------------

            * * * * * * *   D A T A   M E M O R Y   * * * * * * *
            REG     0000H     0008H     ABSOLUTE     "REG BANK 0"
            DATA    0008H     002FH     UNIT         ?DT?MAIN
            DATA    0037H     0025H     UNIT         _DATA_GROUP_
            IDATA   005CH     0001H     UNIT         ?STACK

            * * * * * * *  X D A T A   M E M O R Y  * * * * * * *
            XDATA   0000H     FEFFH     ABSOLUTE     
                    FEFFH     0081H                  *** GAP ***
            XDATA   FF80H     0001H     ABSOLUTE     
                    FF81H     0001H                  *** GAP ***
            XDATA   FF82H     0001H     ABSOLUTE     
                    FF83H     001DH                  *** GAP ***
            XDATA   FFA0H     0001H     ABSOLUTE     
            XDATA   FFA1H     0001H     ABSOLUTE     

            * * * * * * *   C O D E   M E M O R Y   * * * * * * *
            CODE    0000H     0003H     ABSOLUTE     
                    0003H     07FDH                  *** GAP ***
            CODE    0800H     016CH     UNIT         ?C?LIB_CODE
            CODE    096CH     012DH     UNIT         ?PR?MAIN?MAIN
            CODE    0A99H     010CH     UNIT         ?PR?_DISPLAY?MAIN
            CODE    0BA5H     00A1H     UNIT         ?PR?_I2C_RCV?MAIN
            CODE    0C46H     008CH     UNIT         ?C_C51STARTUP
            CODE    0CD2H     006DH     UNIT         ?PR?_RTC_READTIME?MAIN
            CODE    0D3FH     004DH     UNIT         ?PR?_WOCHENTAG?MAIN
            CODE    0D8CH     004AH     UNIT         ?PR?_I2C_XMIT?MAIN
            CODE    0DD6H     0040H     UNIT         ?PR?EINSTELLUNGEN_LCD?MAIN
            CODE    0E16H     0029H     UNIT         ?PR?_AUSGABE?MAIN
            CODE    0E3FH     0024H     UNIT         ?C_INITSEG
            CODE    0E63H     001CH     UNIT         ?PR?_RTC_SETTIME?MAIN
BL51 BANKED LINKER/LOCATER V6.22.2.0                                                  03/23/2022  11:40:07  PAGE 2


            CODE    0E7FH     001BH     UNIT         ?PR?EINSTELLUNGEN_I2C?MAIN
            CODE    0E9AH     0017H     UNIT         ?PR?CLEAR_LCD?MAIN
            CODE    0EB1H     0015H     UNIT         ?PR?_STRLEN?STRLEN
            CODE    0EC6H     0006H     UNIT         ?CO?MAIN



OVERLAY MAP OF MODULE:   LCD_test (MAIN)


SEGMENT                              DATA_GROUP 
  +--> CALLED SEGMENT              START    LENGTH
--------------------------------------------------
?C_C51STARTUP                      -----    -----
  +--> ?PR?MAIN?MAIN
  +--> ?C_INITSEG

?PR?MAIN?MAIN                      0037H    0007H
  +--> ?PR?CLEAR_LCD?MAIN
  +--> ?PR?EINSTELLUNGEN_LCD?MAIN
  +--> ?PR?EINSTELLUNGEN_I2C?MAIN
  +--> ?PR?_RTC_SETTIME?MAIN
  +--> ?PR?_RTC_READTIME?MAIN
  +--> ?PR?_WOCHENTAG?MAIN
  +--> ?PR?_DISPLAY?MAIN

?PR?EINSTELLUNGEN_LCD?MAIN         -----    -----
  +--> ?PR?CLEAR_LCD?MAIN

?PR?_RTC_SETTIME?MAIN              003EH    000BH
  +--> ?PR?_I2C_XMIT?MAIN

?PR?_I2C_XMIT?MAIN                 0049H    0003H

?PR?_RTC_READTIME?MAIN             003EH    0018H
  +--> ?CO?MAIN
  +--> ?PR?_I2C_RCV?MAIN

?PR?_I2C_RCV?MAIN                  0056H    0006H

?PR?_DISPLAY?MAIN                  003EH    000BH
  +--> ?PR?_STRLEN?STRLEN
  +--> ?PR?CLEAR_LCD?MAIN
  +--> ?PR?_AUSGABE?MAIN



SYMBOL TABLE OF MODULE:  LCD_test (MAIN)

  VALUE           TYPE          NAME
  ----------------------------------

  -------         MODULE        MAIN
  C:0000H         SYMBOL        _ICE_DUMMY_
  X:FFA1H         PUBLIC        i2c_s1
  C:0E7FH         PUBLIC        Einstellungen_I2C
  C:0DD6H         PUBLIC        Einstellungen_LCD
BL51 BANKED LINKER/LOCATER V6.22.2.0                                                  03/23/2022  11:40:07  PAGE 3


  C:0E9AH         PUBLIC        Clear_LCD
  X:FFA0H         PUBLIC        i2c_reg
  C:0D8CH         PUBLIC        _i2c_xmit
  C:0D3FH         PUBLIC        _Wochentag
  C:096CH         PUBLIC        main
  D:0008H         PUBLIC        Text
  C:0E63H         PUBLIC        _rtc_settime
  C:0BA5H         PUBLIC        _i2c_rcv
  X:FF80H         PUBLIC        cmd
  X:0000H         PUBLIC        xmem
  C:0E16H         PUBLIC        _Ausgabe
  X:FF82H         PUBLIC        chr
  C:0EC6H         SYMBOL        _?ix1000
  C:0A99H         PUBLIC        _Display
  D:0026H         PUBLIC        RTC_ADDR
  D:0027H         PUBLIC        rtc_buf
  C:0CD2H         PUBLIC        _rtc_readtime
  -------         PROC          MAIN
  -------         DO            
  D:0037H         SYMBOL        ss
  D:0038H         SYMBOL        mm
  D:0039H         SYMBOL        hh
  D:003AH         SYMBOL        dt
  D:003BH         SYMBOL        mt
  D:003CH         SYMBOL        ms
  D:003DH         SYMBOL        yy
  D:0006H         SYMBOL        index
  -------         ENDDO         
  C:096CH         LINE#         47
  C:096CH         LINE#         48
  C:096CH         LINE#         49
  C:096FH         LINE#         50
  C:0971H         LINE#         51
  C:0973H         LINE#         52
  C:0975H         LINE#         53
  C:0977H         LINE#         54
  C:0979H         LINE#         55
  C:097BH         LINE#         59
  C:097EH         LINE#         60
  C:0981H         LINE#         61
  C:0984H         LINE#         64
  C:0993H         LINE#         67
  C:09A2H         LINE#         69
  C:09A2H         LINE#         70
  C:09A2H         LINE#         72
  C:09D8H         LINE#         75
  C:09E0H         LINE#         76
  C:09EBH         LINE#         79
  C:09F3H         LINE#         80
  C:09FEH         LINE#         83
  C:0A06H         LINE#         84
  C:0A11H         LINE#         87
  C:0A19H         LINE#         88
  C:0A24H         LINE#         91
  C:0A2CH         LINE#         92
  C:0A37H         LINE#         96
  C:0A44H         LINE#         97
BL51 BANKED LINKER/LOCATER V6.22.2.0                                                  03/23/2022  11:40:07  PAGE 4


  C:0A47H         LINE#         98
  C:0A47H         LINE#         99
  C:0A5BH         LINE#         100
  C:0A63H         LINE#         101
  C:0A6EH         LINE#         106
  C:0A76H         LINE#         107
  C:0A81H         LINE#         110
  C:0A8DH         LINE#         112
  C:0A96H         LINE#         113
  -------         ENDPROC       MAIN
  -------         PROC          _WOCHENTAG
  D:0007H         SYMBOL        t
  C:0D3FH         LINE#         115
  C:0D3FH         LINE#         116
  C:0D3FH         LINE#         117
  C:0D61H         LINE#         118
  C:0D61H         LINE#         119
  C:0D61H         LINE#         120
  C:0D64H         LINE#         121
  C:0D64H         LINE#         122
  C:0D66H         LINE#         123
  C:0D66H         LINE#         124
  C:0D69H         LINE#         125
  C:0D69H         LINE#         126
  C:0D6BH         LINE#         127
  C:0D6BH         LINE#         128
  C:0D6EH         LINE#         129
  C:0D71H         LINE#         130
  C:0D72H         LINE#         131
  C:0D72H         LINE#         132
  C:0D75H         LINE#         133
  C:0D75H         LINE#         134
  C:0D77H         LINE#         135
  C:0D77H         LINE#         136
  C:0D7AH         LINE#         137
  C:0D7DH         LINE#         138
  C:0D7EH         LINE#         139
  C:0D7EH         LINE#         140
  C:0D81H         LINE#         141
  C:0D84H         LINE#         142
  C:0D85H         LINE#         143
  C:0D85H         LINE#         144
  C:0D88H         LINE#         145
  C:0D8BH         LINE#         146
  C:0D8BH         LINE#         147
  C:0D8BH         LINE#         148
  C:0D8BH         LINE#         149
  C:0D8BH         LINE#         150
  -------         ENDPROC       _WOCHENTAG
  -------         PROC          EINSTELLUNGEN_LCD
  -------         DO            
  D:0006H         SYMBOL        index1
  -------         ENDDO         
  C:0DD6H         LINE#         151
  C:0DD6H         LINE#         152
  C:0DD6H         LINE#         156
  C:0DDCH         LINE#         157
BL51 BANKED LINKER/LOCATER V6.22.2.0                                                  03/23/2022  11:40:07  PAGE 5


  C:0DEAH         LINE#         160
  C:0DF0H         LINE#         161
  C:0DFEH         LINE#         163
  C:0E01H         LINE#         166
  C:0E07H         LINE#         167
  C:0E15H         LINE#         168
  -------         ENDPROC       EINSTELLUNGEN_LCD
  -------         PROC          CLEAR_LCD
  -------         DO            
  D:0006H         SYMBOL        index1
  -------         ENDDO         
  C:0E9AH         LINE#         169
  C:0E9AH         LINE#         170
  C:0E9AH         LINE#         172
  C:0EA0H         LINE#         173
  C:0EA2H         LINE#         174
  C:0EB0H         LINE#         175
  -------         ENDPROC       CLEAR_LCD
  -------         PROC          _AUSGABE
  D:0007H         SYMBOL        value
  -------         DO            
  D:0006H         SYMBOL        index1
  -------         ENDDO         
  C:0E16H         LINE#         176
  C:0E16H         LINE#         177
  C:0E16H         LINE#         179
  C:0E1EH         LINE#         180
  C:0E1EH         LINE#         182
  C:0E1EH         LINE#         183
  C:0E23H         LINE#         184
  C:0E23H         LINE#         185
  C:0E28H         LINE#         186
  C:0E2AH         LINE#         188
  C:0E2AH         LINE#         189
  C:0E30H         LINE#         191
  C:0E30H         LINE#         192
  C:0E3EH         LINE#         193
  -------         ENDPROC       _AUSGABE
  -------         PROC          _DISPLAY
  D:003EH         SYMBOL        value
  -------         DO            
  D:0041H         SYMBOL        laenge
  D:0043H         SYMBOL        index
  D:0045H         SYMBOL        index2
  D:0047H         SYMBOL        index3
  -------         ENDDO         
  C:0A99H         LINE#         194
  C:0A9FH         LINE#         195
  C:0A9FH         LINE#         196
  C:0AA6H         LINE#         197
  C:0AABH         LINE#         198
  C:0AAFH         LINE#         199
  C:0AB3H         LINE#         200
  C:0AB6H         LINE#         202
  C:0ACFH         LINE#         203
  C:0ACFH         LINE#         205
  C:0AF5H         LINE#         206
BL51 BANKED LINKER/LOCATER V6.22.2.0                                                  03/23/2022  11:40:07  PAGE 6


  C:0AF5H         LINE#         207
  C:0B15H         LINE#         208
  C:0B15H         LINE#         209
  C:0B1BH         LINE#         210
  C:0B1DH         LINE#         211
  C:0B2EH         LINE#         212
  C:0B2EH         LINE#         213
  C:0B34H         LINE#         214
  C:0B34H         LINE#         215
  C:0B37H         LINE#         217
  C:0B3FH         LINE#         218
  C:0B41H         LINE#         219
  C:0B49H         LINE#         220
  C:0B49H         LINE#         221
  C:0B4EH         LINE#         222
  C:0B61H         LINE#         223
  C:0B69H         LINE#         224
  C:0B6BH         LINE#         225
  C:0B78H         LINE#         226
  C:0B78H         LINE#         227
  C:0B7BH         LINE#         228
  C:0B81H         LINE#         229
  C:0B81H         LINE#         230
  C:0B8FH         LINE#         231
  C:0BA4H         LINE#         232
  -------         ENDPROC       _DISPLAY
  -------         PROC          EINSTELLUNGEN_I2C
  C:0E7FH         LINE#         233
  C:0E7FH         LINE#         234
  C:0E7FH         LINE#         235
  C:0E85H         LINE#         236
  C:0E8BH         LINE#         237
  C:0E8FH         LINE#         238
  C:0E95H         LINE#         239
  C:0E99H         LINE#         240
  -------         ENDPROC       EINSTELLUNGEN_I2C
  -------         PROC          _I2C_XMIT
  D:0007H         SYMBOL        slave_addr
  D:0005H         SYMBOL        length
  D:0049H         SYMBOL        buffer
  -------         DO            
  D:0007H         SYMBOL        i
  -------         ENDDO         
  C:0D8CH         LINE#         242
  C:0D92H         LINE#         243
  C:0D92H         LINE#         246
  C:0D9AH         LINE#         247
  C:0D9DH         LINE#         249
  C:0DA2H         LINE#         251
  C:0DA9H         LINE#         252
  C:0DA9H         LINE#         254
  C:0DB1H         LINE#         255
  C:0DB6H         LINE#         256
  C:0DB6H         LINE#         258
  C:0DC7H         LINE#         259
  C:0DCAH         LINE#         260
  C:0DD2H         LINE#         261
BL51 BANKED LINKER/LOCATER V6.22.2.0                                                  03/23/2022  11:40:07  PAGE 7


  C:0DD5H         LINE#         262
  -------         ENDPROC       _I2C_XMIT
  -------         PROC          _I2C_RCV
  D:0007H         SYMBOL        slave_addr
  D:0005H         SYMBOL        word_addr
  D:0058H         SYMBOL        length
  D:0059H         SYMBOL        buffer
  -------         DO            
  D:0007H         SYMBOL        i
  D:0006H         SYMBOL        error
  -------         ENDDO         
  C:0BA5H         LINE#         264
  C:0BA7H         LINE#         265
  C:0BA7H         LINE#         267
  C:0BA9H         LINE#         268
  C:0BB1H         LINE#         270
  C:0BB4H         LINE#         271
  C:0BB9H         LINE#         273
  C:0BC1H         LINE#         275
  C:0BC6H         LINE#         276
  C:0BC6H         LINE#         277
  C:0BC6H         LINE#         278
  C:0BC8H         LINE#         279
  C:0BC8H         LINE#         281
  C:0BC8H         LINE#         283
  C:0BCDH         LINE#         286
  C:0BD5H         LINE#         288
  C:0BDAH         LINE#         289
  C:0BDAH         LINE#         290
  C:0BDDH         LINE#         291
  C:0BE0H         LINE#         292
  C:0BE0H         LINE#         294
  C:0BE0H         LINE#         296
  C:0BE6H         LINE#         298
  C:0BECH         LINE#         299
  C:0BF4H         LINE#         300
  C:0BF4H         LINE#         302
  C:0BFCH         LINE#         304
  C:0C01H         LINE#         305
  C:0C03H         LINE#         306
  C:0C05H         LINE#         307
  C:0C05H         LINE#         309
  C:0C05H         LINE#         312
  C:0C17H         LINE#         313
  C:0C1AH         LINE#         314
  C:0C1DH         LINE#         315
  C:0C1DH         LINE#         316
  C:0C23H         LINE#         317
  C:0C35H         LINE#         318
  C:0C3DH         LINE#         319
  C:0C3DH         LINE#         321
  C:0C43H         LINE#         323
  C:0C45H         LINE#         324
  -------         ENDPROC       _I2C_RCV
  -------         PROC          _RTC_SETTIME
  D:0007H         SYMBOL        dt
  D:0005H         SYMBOL        mt
BL51 BANKED LINKER/LOCATER V6.22.2.0                                                  03/23/2022  11:40:07  PAGE 8


  D:0003H         SYMBOL        hh
  D:0041H         SYMBOL        mm
  D:0042H         SYMBOL        ss
  -------         DO            
  D:0043H         SYMBOL        buffer
  -------         ENDDO         
  C:0E63H         LINE#         326
  C:0E63H         LINE#         327
  C:0E63H         LINE#         330
  C:0E66H         LINE#         331
  C:0E69H         LINE#         332
  C:0E6CH         LINE#         333
  C:0E6EH         LINE#         334
  C:0E70H         LINE#         335
  C:0E72H         LINE#         337
  -------         ENDPROC       _RTC_SETTIME
  -------         PROC          _RTC_READTIME
  D:003EH         SYMBOL        dt
  D:0041H         SYMBOL        mt
  D:0044H         SYMBOL        hh
  D:0047H         SYMBOL        mm
  D:004AH         SYMBOL        ss
  D:004DH         SYMBOL        ms
  -------         DO            
  D:0050H         SYMBOL        buffer
  -------         ENDDO         
  C:0CD2H         LINE#         340
  C:0CD8H         LINE#         341
  C:0CD8H         LINE#         342
  C:0CEBH         LINE#         344
  C:0CFDH         LINE#         346
  C:0D08H         LINE#         347
  C:0D13H         LINE#         348
  C:0D1EH         LINE#         349
  C:0D29H         LINE#         350
  C:0D34H         LINE#         351
  -------         ENDPROC       _RTC_READTIME
  -------         ENDMOD        MAIN

  -------         MODULE        ?C?CLDOPTR
  C:0800H         PUBLIC        ?C?CLDOPTR
  -------         ENDMOD        ?C?CLDOPTR

  -------         MODULE        ?C?CSTPTR
  C:082DH         PUBLIC        ?C?CSTPTR
  -------         ENDMOD        ?C?CSTPTR

  -------         MODULE        ?C?CSTOPTR
  C:083FH         PUBLIC        ?C?CSTOPTR
  -------         ENDMOD        ?C?CSTOPTR

  -------         MODULE        STRLEN
  C:0EB1H         PUBLIC        _STRLEN
  -------         ENDMOD        STRLEN

  -------         MODULE        ?C?COPY517
  C:092DH         PUBLIC        ?C?COPY517
BL51 BANKED LINKER/LOCATER V6.22.2.0                                                  03/23/2022  11:40:07  PAGE 9


  -------         ENDMOD        ?C?COPY517

  -------         MODULE        ?C?CLDPTR
  C:0953H         PUBLIC        ?C?CLDPTR
  -------         ENDMOD        ?C?CLDPTR

  -------         MODULE        ?C?DPSEL
  D:0092H         PUBLIC        ?C?DPSEL
  -------         ENDMOD        ?C?DPSEL

******************************************************************************
* RESTRICTED VERSION WITH 0800H BYTE CODE SIZE LIMIT; USED: 04BEH BYTE (59%) *
******************************************************************************

Program Size: data=93.0 xdata=65283 code=1743
LINK/LOCATE RUN COMPLETE.  0 WARNING(S),  0 ERROR(S)
