BL51 BANKED LINKER/LOCATER V6.22.2.0                                                    03/23/2022  12:24:26  PAGE 1


BL51 BANKED LINKER/LOCATER V6.22.2.0, INVOKED BY:
C:\KEIL_V5\C51\BIN\BL51.EXE main.obj TO LCD_test RAMSIZE (256) CODE (0X0000-0X1FFE) XDATA (0X4000-0XBFFE, 0XF800-0XFFFF)
>> 


MEMORY MODEL: SMALL


INPUT MODULES INCLUDED:
  main.obj (MAIN)
  C:\KEIL_V5\C51\LIB\C51S.LIB (?C_STARTUP)
  C:\KEIL_V5\C51\LIB\C51S.LIB (?C?CLDOPTR)
  C:\KEIL_V5\C51\LIB\C51S.LIB (?C?CSTPTR)
  C:\KEIL_V5\C51\LIB\C51S.LIB (?C?CSTOPTR)
  C:\KEIL_V5\C51\LIB\C51S.LIB (STRLEN)
  C:\KEIL_V5\C51\LIB\C51S.LIB (?C?COPY517)
  C:\KEIL_V5\C51\LIB\C51S.LIB (?C_INIT)
  C:\KEIL_V5\C51\LIB\C51S.LIB (?C?CLDPTR)
  C:\KEIL_V5\C51\LIB\C51S.LIB (?C?DPSEL)


LINK MAP OF MODULE:  LCD_test (MAIN)


            TYPE    BASE      LENGTH    RELOCATION   SEGMENT NAME
            -----------------------------------------------------

            * * * * * * *   D A T A   M E M O R Y   * * * * * * *
            REG     0000H     0008H     ABSOLUTE     "REG BANK 0"
            DATA    0008H     002FH     UNIT         ?DT?MAIN
            DATA    0037H     002CH     UNIT         _DATA_GROUP_
            IDATA   0063H     0001H     UNIT         ?STACK

            * * * * * * *  X D A T A   M E M O R Y  * * * * * * *
            XDATA   0000H     FEFFH     ABSOLUTE     
                    FEFFH     0081H                  *** GAP ***
            XDATA   FF80H     0001H     ABSOLUTE     
                    FF81H     0001H                  *** GAP ***
            XDATA   FF82H     0001H     ABSOLUTE     
                    FF83H     001DH                  *** GAP ***
            XDATA   FFA0H     0001H     ABSOLUTE     
            XDATA   FFA1H     0001H     ABSOLUTE     

            * * * * * * *   C O D E   M E M O R Y   * * * * * * *
            CODE    0000H     0003H     ABSOLUTE     
                    0003H     07FDH                  *** GAP ***
            CODE    0800H     016CH     UNIT         ?C?LIB_CODE
            CODE    096CH     0137H     UNIT         ?PR?MAIN?MAIN
            CODE    0AA3H     010CH     UNIT         ?PR?_SHOWTEXT?MAIN
            CODE    0BAFH     00A1H     UNIT         ?PR?_I2C_RCV?MAIN
            CODE    0C50H     008CH     UNIT         ?C_C51STARTUP
            CODE    0CDCH     006DH     UNIT         ?PR?_RTC_READTIME?MAIN
            CODE    0D49H     004DH     UNIT         ?PR?_WOCHENTAG?MAIN
            CODE    0D96H     004AH     UNIT         ?PR?_I2C_XMIT?MAIN
            CODE    0DE0H     0040H     UNIT         ?PR?INIT_LCD?MAIN
            CODE    0E20H     0030H     UNIT         ?PR?_RTC_SETTIME?MAIN
            CODE    0E50H     0029H     UNIT         ?PR?_SHOWCHAR?MAIN
            CODE    0E79H     0024H     UNIT         ?C_INITSEG
BL51 BANKED LINKER/LOCATER V6.22.2.0                                                  03/23/2022  12:24:26  PAGE 2


            CODE    0E9DH     001BH     UNIT         ?PR?INIT_I2C?MAIN
            CODE    0EB8H     0017H     UNIT         ?PR?CLEAR_LCD?MAIN
            CODE    0ECFH     0015H     UNIT         ?PR?_STRLEN?STRLEN
            CODE    0EE4H     0008H     UNIT         ?CO?MAIN



OVERLAY MAP OF MODULE:   LCD_test (MAIN)


SEGMENT                          DATA_GROUP 
  +--> CALLED SEGMENT          START    LENGTH
----------------------------------------------
?C_C51STARTUP                  -----    -----
  +--> ?PR?MAIN?MAIN
  +--> ?C_INITSEG

?PR?MAIN?MAIN                  0037H    000CH
  +--> ?PR?CLEAR_LCD?MAIN
  +--> ?PR?INIT_LCD?MAIN
  +--> ?PR?INIT_I2C?MAIN
  +--> ?PR?_RTC_SETTIME?MAIN
  +--> ?PR?_RTC_READTIME?MAIN
  +--> ?PR?_WOCHENTAG?MAIN
  +--> ?PR?_SHOWTEXT?MAIN

?PR?INIT_LCD?MAIN              -----    -----
  +--> ?PR?CLEAR_LCD?MAIN

?PR?_RTC_SETTIME?MAIN          0043H    000BH
  +--> ?PR?_I2C_XMIT?MAIN

?PR?_I2C_XMIT?MAIN             004EH    0003H

?PR?_RTC_READTIME?MAIN         0043H    001AH
  +--> ?CO?MAIN
  +--> ?PR?_I2C_RCV?MAIN

?PR?_I2C_RCV?MAIN              005DH    0006H

?PR?_SHOWTEXT?MAIN             0043H    000BH
  +--> ?PR?_STRLEN?STRLEN
  +--> ?PR?CLEAR_LCD?MAIN
  +--> ?PR?_SHOWCHAR?MAIN



SYMBOL TABLE OF MODULE:  LCD_test (MAIN)

  VALUE           TYPE          NAME
  ----------------------------------

  -------         MODULE        MAIN
  C:0000H         SYMBOL        _ICE_DUMMY_
  X:FFA1H         PUBLIC        i2c_s1
  C:0EB8H         PUBLIC        Clear_LCD
  X:FFA0H         PUBLIC        i2c_reg
BL51 BANKED LINKER/LOCATER V6.22.2.0                                                  03/23/2022  12:24:26  PAGE 3


  C:0D96H         PUBLIC        _i2c_xmit
  C:0D49H         PUBLIC        _Wochentag
  C:096CH         PUBLIC        main
  D:0008H         PUBLIC        Text
  C:0E34H         PUBLIC        _rtc_settime
  C:0BAFH         PUBLIC        _i2c_rcv
  X:FF80H         PUBLIC        cmd
  X:0000H         PUBLIC        xmem
  X:FF82H         PUBLIC        chr
  C:0EE4H         SYMBOL        _?ix1000
  C:0E50H         PUBLIC        _showChar
  C:0E9DH         PUBLIC        init_I2C
  D:0026H         PUBLIC        RTC_ADDR
  D:0027H         PUBLIC        rtc_buf
  C:0DE0H         PUBLIC        init_LCD
  C:0AA3H         PUBLIC        _showText
  C:0CDCH         PUBLIC        _rtc_readtime
  -------         PROC          MAIN
  -------         DO            
  D:0037H         SYMBOL        ss
  D:0038H         SYMBOL        mm
  D:0039H         SYMBOL        hh
  D:003AH         SYMBOL        dt
  D:003BH         SYMBOL        mt
  D:003CH         SYMBOL        ms
  D:003DH         SYMBOL        yy
  D:003EH         SYMBOL        lastYY
  D:003FH         SYMBOL        currentYY
  D:0040H         SYMBOL        jahreSeitStart
  D:0041H         SYMBOL        aktuellesYY
  D:0042H         SYMBOL        YYSeitLetztemSchaltjahr
  D:0006H         SYMBOL        index
  -------         ENDDO         
  C:096CH         LINE#         48
  C:096CH         LINE#         49
  C:096CH         LINE#         50
  C:096FH         LINE#         51
  C:0971H         LINE#         52
  C:0973H         LINE#         53
  C:0975H         LINE#         54
  C:0977H         LINE#         55
  C:0979H         LINE#         56
  C:097BH         LINE#         57
  C:097DH         LINE#         58
  C:097FH         LINE#         59
  C:0981H         LINE#         66
  C:0984H         LINE#         67
  C:0987H         LINE#         68
  C:098AH         LINE#         71
  C:098DH         LINE#         72
  C:0990H         LINE#         73
  C:0993H         LINE#         76
  C:0996H         LINE#         77
  C:0999H         LINE#         78
  C:099CH         LINE#         80
  C:099FH         LINE#         82
  C:099FH         LINE#         83
BL51 BANKED LINKER/LOCATER V6.22.2.0                                                  03/23/2022  12:24:26  PAGE 4


  C:099FH         LINE#         84
  C:09D5H         LINE#         87
  C:09DDH         LINE#         88
  C:09E8H         LINE#         91
  C:09F0H         LINE#         92
  C:09FBH         LINE#         95
  C:0A03H         LINE#         96
  C:0A0EH         LINE#         99
  C:0A16H         LINE#         100
  C:0A21H         LINE#         103
  C:0A29H         LINE#         104
  C:0A34H         LINE#         107
  C:0A40H         LINE#         110
  C:0A48H         LINE#         111
  C:0A53H         LINE#         114
  C:0A5EH         LINE#         116
  C:0A62H         LINE#         117
  C:0A62H         LINE#         118
  C:0A65H         LINE#         119
  C:0A67H         LINE#         120
  C:0A67H         LINE#         122
  C:0A6DH         LINE#         123
  C:0A70H         LINE#         124
  C:0A70H         LINE#         125
  C:0A84H         LINE#         126
  C:0A8CH         LINE#         127
  C:0A97H         LINE#         129
  C:0AA0H         LINE#         130
  -------         ENDPROC       MAIN
  -------         PROC          _WOCHENTAG
  D:0007H         SYMBOL        t
  C:0D49H         LINE#         132
  C:0D49H         LINE#         133
  C:0D49H         LINE#         134
  C:0D6BH         LINE#         135
  C:0D6BH         LINE#         136
  C:0D6BH         LINE#         137
  C:0D6EH         LINE#         138
  C:0D6EH         LINE#         139
  C:0D70H         LINE#         140
  C:0D70H         LINE#         141
  C:0D73H         LINE#         142
  C:0D73H         LINE#         143
  C:0D75H         LINE#         144
  C:0D75H         LINE#         145
  C:0D78H         LINE#         146
  C:0D7BH         LINE#         147
  C:0D7CH         LINE#         148
  C:0D7CH         LINE#         149
  C:0D7FH         LINE#         150
  C:0D7FH         LINE#         151
  C:0D81H         LINE#         152
  C:0D81H         LINE#         153
  C:0D84H         LINE#         154
  C:0D87H         LINE#         155
  C:0D88H         LINE#         156
  C:0D88H         LINE#         157
BL51 BANKED LINKER/LOCATER V6.22.2.0                                                  03/23/2022  12:24:26  PAGE 5


  C:0D8BH         LINE#         158
  C:0D8EH         LINE#         159
  C:0D8FH         LINE#         160
  C:0D8FH         LINE#         161
  C:0D92H         LINE#         162
  C:0D95H         LINE#         163
  C:0D95H         LINE#         164
  C:0D95H         LINE#         165
  C:0D95H         LINE#         166
  C:0D95H         LINE#         167
  -------         ENDPROC       _WOCHENTAG
  -------         PROC          INIT_LCD
  -------         DO            
  D:0006H         SYMBOL        index1
  -------         ENDDO         
  C:0DE0H         LINE#         168
  C:0DE0H         LINE#         169
  C:0DE0H         LINE#         173
  C:0DE6H         LINE#         174
  C:0DF4H         LINE#         177
  C:0DFAH         LINE#         178
  C:0E08H         LINE#         180
  C:0E0BH         LINE#         183
  C:0E11H         LINE#         184
  C:0E1FH         LINE#         185
  -------         ENDPROC       INIT_LCD
  -------         PROC          CLEAR_LCD
  -------         DO            
  D:0006H         SYMBOL        index1
  -------         ENDDO         
  C:0EB8H         LINE#         186
  C:0EB8H         LINE#         187
  C:0EB8H         LINE#         189
  C:0EBEH         LINE#         190
  C:0EC0H         LINE#         191
  C:0ECEH         LINE#         192
  -------         ENDPROC       CLEAR_LCD
  -------         PROC          _SHOWCHAR
  D:0007H         SYMBOL        value
  -------         DO            
  D:0006H         SYMBOL        index1
  -------         ENDDO         
  C:0E50H         LINE#         193
  C:0E50H         LINE#         194
  C:0E50H         LINE#         196
  C:0E58H         LINE#         197
  C:0E58H         LINE#         199
  C:0E58H         LINE#         200
  C:0E5DH         LINE#         201
  C:0E5DH         LINE#         202
  C:0E62H         LINE#         203
  C:0E64H         LINE#         205
  C:0E64H         LINE#         206
  C:0E6AH         LINE#         208
  C:0E6AH         LINE#         209
  C:0E78H         LINE#         210
  -------         ENDPROC       _SHOWCHAR
BL51 BANKED LINKER/LOCATER V6.22.2.0                                                  03/23/2022  12:24:26  PAGE 6


  -------         PROC          _SHOWTEXT
  D:0043H         SYMBOL        value
  -------         DO            
  D:0046H         SYMBOL        laenge
  D:0048H         SYMBOL        index
  D:004AH         SYMBOL        index2
  D:004CH         SYMBOL        index3
  -------         ENDDO         
  C:0AA3H         LINE#         211
  C:0AA9H         LINE#         212
  C:0AA9H         LINE#         213
  C:0AB0H         LINE#         214
  C:0AB5H         LINE#         215
  C:0AB9H         LINE#         216
  C:0ABDH         LINE#         217
  C:0AC0H         LINE#         219
  C:0AD9H         LINE#         220
  C:0AD9H         LINE#         222
  C:0AFFH         LINE#         223
  C:0AFFH         LINE#         224
  C:0B1FH         LINE#         225
  C:0B1FH         LINE#         226
  C:0B25H         LINE#         227
  C:0B27H         LINE#         228
  C:0B38H         LINE#         229
  C:0B38H         LINE#         230
  C:0B3EH         LINE#         231
  C:0B3EH         LINE#         232
  C:0B41H         LINE#         234
  C:0B49H         LINE#         235
  C:0B4BH         LINE#         236
  C:0B53H         LINE#         237
  C:0B53H         LINE#         238
  C:0B58H         LINE#         239
  C:0B6BH         LINE#         240
  C:0B73H         LINE#         241
  C:0B75H         LINE#         242
  C:0B82H         LINE#         243
  C:0B82H         LINE#         244
  C:0B85H         LINE#         245
  C:0B8BH         LINE#         246
  C:0B8BH         LINE#         247
  C:0B99H         LINE#         248
  C:0BAEH         LINE#         249
  -------         ENDPROC       _SHOWTEXT
  -------         PROC          INIT_I2C
  C:0E9DH         LINE#         250
  C:0E9DH         LINE#         251
  C:0E9DH         LINE#         252
  C:0EA3H         LINE#         253
  C:0EA9H         LINE#         254
  C:0EADH         LINE#         255
  C:0EB3H         LINE#         256
  C:0EB7H         LINE#         257
  -------         ENDPROC       INIT_I2C
  -------         PROC          _I2C_XMIT
  D:0007H         SYMBOL        slave_addr
BL51 BANKED LINKER/LOCATER V6.22.2.0                                                  03/23/2022  12:24:26  PAGE 7


  D:0005H         SYMBOL        length
  D:004EH         SYMBOL        buffer
  -------         DO            
  D:0007H         SYMBOL        i
  -------         ENDDO         
  C:0D96H         LINE#         259
  C:0D9CH         LINE#         260
  C:0D9CH         LINE#         263
  C:0DA4H         LINE#         264
  C:0DA7H         LINE#         266
  C:0DACH         LINE#         268
  C:0DB3H         LINE#         269
  C:0DB3H         LINE#         271
  C:0DBBH         LINE#         272
  C:0DC0H         LINE#         273
  C:0DC0H         LINE#         275
  C:0DD1H         LINE#         276
  C:0DD4H         LINE#         277
  C:0DDCH         LINE#         278
  C:0DDFH         LINE#         279
  -------         ENDPROC       _I2C_XMIT
  -------         PROC          _I2C_RCV
  D:0007H         SYMBOL        slave_addr
  D:0005H         SYMBOL        word_addr
  D:005FH         SYMBOL        length
  D:0060H         SYMBOL        buffer
  -------         DO            
  D:0007H         SYMBOL        i
  D:0006H         SYMBOL        error
  -------         ENDDO         
  C:0BAFH         LINE#         281
  C:0BB1H         LINE#         282
  C:0BB1H         LINE#         284
  C:0BB3H         LINE#         285
  C:0BBBH         LINE#         287
  C:0BBEH         LINE#         288
  C:0BC3H         LINE#         290
  C:0BCBH         LINE#         292
  C:0BD0H         LINE#         293
  C:0BD0H         LINE#         294
  C:0BD0H         LINE#         295
  C:0BD2H         LINE#         296
  C:0BD2H         LINE#         298
  C:0BD2H         LINE#         300
  C:0BD7H         LINE#         303
  C:0BDFH         LINE#         305
  C:0BE4H         LINE#         306
  C:0BE4H         LINE#         307
  C:0BE7H         LINE#         308
  C:0BEAH         LINE#         309
  C:0BEAH         LINE#         311
  C:0BEAH         LINE#         313
  C:0BF0H         LINE#         315
  C:0BF6H         LINE#         316
  C:0BFEH         LINE#         317
  C:0BFEH         LINE#         319
  C:0C06H         LINE#         321
BL51 BANKED LINKER/LOCATER V6.22.2.0                                                  03/23/2022  12:24:26  PAGE 8


  C:0C0BH         LINE#         322
  C:0C0DH         LINE#         323
  C:0C0FH         LINE#         324
  C:0C0FH         LINE#         326
  C:0C0FH         LINE#         329
  C:0C21H         LINE#         330
  C:0C24H         LINE#         331
  C:0C27H         LINE#         332
  C:0C27H         LINE#         333
  C:0C2DH         LINE#         334
  C:0C3FH         LINE#         335
  C:0C47H         LINE#         336
  C:0C47H         LINE#         338
  C:0C4DH         LINE#         340
  C:0C4FH         LINE#         341
  -------         ENDPROC       _I2C_RCV
  -------         PROC          L?0107
  -------         ENDPROC       L?0107
  -------         PROC          _RTC_SETTIME
  D:0007H         SYMBOL        dt
  D:0005H         SYMBOL        mt
  D:0003H         SYMBOL        hh
  D:0046H         SYMBOL        mm
  D:0047H         SYMBOL        ss
  -------         DO            
  D:0048H         SYMBOL        buffer
  -------         ENDDO         
  C:0E34H         LINE#         343
  C:0E34H         LINE#         344
  C:0E34H         LINE#         347
  C:0E37H         LINE#         348
  C:0E3AH         LINE#         349
  C:0E3DH         LINE#         350
  C:0E3FH         LINE#         351
  C:0E41H         LINE#         352
  C:0E43H         LINE#         354
  -------         ENDPROC       _RTC_SETTIME
  -------         PROC          _RTC_READTIME
  D:0043H         SYMBOL        dt
  D:0046H         SYMBOL        mt
  D:0049H         SYMBOL        hh
  D:004CH         SYMBOL        mm
  D:004FH         SYMBOL        ss
  D:0052H         SYMBOL        ms
  -------         DO            
  D:0055H         SYMBOL        buffer
  -------         ENDDO         
  C:0CDCH         LINE#         357
  C:0CE2H         LINE#         358
  C:0CE2H         LINE#         359
  C:0CF5H         LINE#         361
  C:0D07H         LINE#         363
  C:0D12H         LINE#         364
  C:0D1DH         LINE#         365
  C:0D28H         LINE#         366
  C:0D33H         LINE#         367
  C:0D3EH         LINE#         368
BL51 BANKED LINKER/LOCATER V6.22.2.0                                                  03/23/2022  12:24:26  PAGE 9


  -------         ENDPROC       _RTC_READTIME
  -------         ENDMOD        MAIN

  -------         MODULE        ?C?CLDOPTR
  C:0800H         PUBLIC        ?C?CLDOPTR
  -------         ENDMOD        ?C?CLDOPTR

  -------         MODULE        ?C?CSTPTR
  C:082DH         PUBLIC        ?C?CSTPTR
  -------         ENDMOD        ?C?CSTPTR

  -------         MODULE        ?C?CSTOPTR
  C:083FH         PUBLIC        ?C?CSTOPTR
  -------         ENDMOD        ?C?CSTOPTR

  -------         MODULE        STRLEN
  C:0ECFH         PUBLIC        _STRLEN
  -------         ENDMOD        STRLEN

  -------         MODULE        ?C?COPY517
  C:092DH         PUBLIC        ?C?COPY517
  -------         ENDMOD        ?C?COPY517

  -------         MODULE        ?C?CLDPTR
  C:0953H         PUBLIC        ?C?CLDPTR
  -------         ENDMOD        ?C?CLDPTR

  -------         MODULE        ?C?DPSEL
  D:0092H         PUBLIC        ?C?DPSEL
  -------         ENDMOD        ?C?DPSEL

******************************************************************************
* RESTRICTED VERSION WITH 0800H BYTE CODE SIZE LIMIT; USED: 04DEH BYTE (60%) *
******************************************************************************

Program Size: data=100.0 xdata=65283 code=1775
LINK/LOCATE RUN COMPLETE.  0 WARNING(S),  0 ERROR(S)
