BL51 BANKED LINKER/LOCATER V6.22.2.0                                                    01/12/2022  11:59:07  PAGE 1


BL51 BANKED LINKER/LOCATER V6.22.2.0, INVOKED BY:
C:\KEIL_V5\C51\BIN\BL51.EXE main.obj TO LCD_test RAMSIZE (256) CODE (0X0000-0X1FFE) XDATA (0X4000-0XBFFE, 0XF800-0XFFFF)
>> 


MEMORY MODEL: SMALL


INPUT MODULES INCLUDED:
  main.obj (MAIN)
  C:\KEIL_V5\C51\LIB\C51S.LIB (?C_STARTUP)
  C:\KEIL_V5\C51\LIB\C51S.LIB (?C_INIT)


LINK MAP OF MODULE:  LCD_test (MAIN)


            TYPE    BASE      LENGTH    RELOCATION   SEGMENT NAME
            -----------------------------------------------------

            * * * * * * *   D A T A   M E M O R Y   * * * * * * *
            REG     0000H     0008H     ABSOLUTE     "REG BANK 0"
            DATA    0008H     0008H     UNIT         ?DT?MAIN
            IDATA   0010H     0001H     UNIT         ?STACK

            * * * * * * *   C O D E   M E M O R Y   * * * * * * *
            CODE    0000H     0003H     ABSOLUTE     
                    0003H     0008H                  *** GAP ***
            CODE    000BH     0003H     ABSOLUTE     
                    000EH     07F2H                  *** GAP ***
            CODE    0800H     008CH     UNIT         ?C_C51STARTUP
            CODE    088CH     002CH     UNIT         ?PR?IRQ_TIMER0?MAIN
            CODE    08B8H     0024H     UNIT         ?PR?MAIN?MAIN
            CODE    08DCH     000DH     UNIT         ?C_INITSEG
            CODE    08E9H     0009H     UNIT         ?PR?MILLI?MAIN



OVERLAY MAP OF MODULE:   LCD_test (MAIN)


SEGMENT
  +--> CALLED SEGMENT
---------------------
?C_C51STARTUP
  +--> ?PR?MAIN?MAIN
  +--> ?C_INITSEG

?PR?MAIN?MAIN
  +--> ?PR?MILLI?MAIN



SYMBOL TABLE OF MODULE:  LCD_test (MAIN)

  VALUE           TYPE          NAME
  ----------------------------------

BL51 BANKED LINKER/LOCATER V6.22.2.0                                                  01/12/2022  11:59:07  PAGE 2


  -------         MODULE        MAIN
  C:0000H         SYMBOL        _ICE_DUMMY_
  D:0008H         PUBLIC        milliCounter
  C:088CH         PUBLIC        IRQ_Timer0
  D:000CH         PUBLIC        millis
  C:08E9H         PUBLIC        milli
  C:08B8H         PUBLIC        main
  D:0089H         PUBLIC        TMOD
  B:00A8H.1       PUBLIC        ET0
  B:0088H.5       PUBLIC        TF0
  D:008CH         PUBLIC        TH0
  B:0088H.0       PUBLIC        IT0
  D:008AH         PUBLIC        TL0
  B:00A8H.7       PUBLIC        EAL
  B:0088H.4       PUBLIC        TR0
  -------         PROC          MAIN
  C:08B8H         LINE#         57
  C:08B8H         LINE#         58
  C:08B8H         LINE#         60
  C:08BAH         LINE#         61
  C:08BCH         LINE#         62
  C:08BEH         LINE#         63
  C:08C1H         LINE#         67
  C:08C4H         LINE#         68
  C:08C7H         LINE#         71
  C:08C9H         LINE#         72
  C:08CBH         LINE#         74
  C:08CBH         LINE#         75
  C:08CBH         LINE#         76
  C:08CDH         LINE#         77
  C:08CFH         LINE#         79
  C:08DAH         LINE#         80
  -------         ENDPROC       MAIN
  -------         PROC          IRQ_TIMER0
  C:088CH         LINE#         83
  C:0890H         LINE#         85
  C:0892H         LINE#         86
  C:0894H         LINE#         88
  C:08A9H         LINE#         90
  C:08ACH         LINE#         91
  C:08AFH         LINE#         93
  C:08B1H         LINE#         94
  C:08B3H         LINE#         95
  -------         ENDPROC       IRQ_TIMER0
  -------         PROC          MILLI
  C:08E9H         LINE#         98
  C:08E9H         LINE#         99
  C:08E9H         LINE#         100
  C:08F1H         LINE#         101
  -------         ENDPROC       MILLI
  -------         ENDMOD        MAIN

******************************************************************************
* RESTRICTED VERSION WITH 0800H BYTE CODE SIZE LIMIT; USED: 0068H BYTE ( 5%) *
******************************************************************************

Program Size: data=17.0 xdata=0 code=248
BL51 BANKED LINKER/LOCATER V6.22.2.0                                                  01/12/2022  11:59:07  PAGE 3


LINK/LOCATE RUN COMPLETE.  0 WARNING(S),  0 ERROR(S)
